Archive member included to satisfy reference by file (symbol)

c:/program files (x86)/gnu tools arm embedded/7 2017-q4-major/bin/../lib/gcc/arm-none-eabi/7.2.1/../../../../arm-none-eabi/lib/thumb/v7e-m/fpv4-sp/hard\libstdc++_nano.a(atexit_arm.o)
                              Build/robo_init.o (__aeabi_atexit)
c:/program files (x86)/gnu tools arm embedded/7 2017-q4-major/bin/../lib/gcc/arm-none-eabi/7.2.1/../../../../arm-none-eabi/lib/thumb/v7e-m/fpv4-sp/hard\libstdc++_nano.a(del_ops.o)
                              Build/robo_init.o (operator delete(void*, unsigned int))
c:/program files (x86)/gnu tools arm embedded/7 2017-q4-major/bin/../lib/gcc/arm-none-eabi/7.2.1/../../../../arm-none-eabi/lib/thumb/v7e-m/fpv4-sp/hard\libstdc++_nano.a(si_class_type_info.o)
                              Build/robo_init.o (vtable for __cxxabiv1::__si_class_type_info)
c:/program files (x86)/gnu tools arm embedded/7 2017-q4-major/bin/../lib/gcc/arm-none-eabi/7.2.1/../../../../arm-none-eabi/lib/thumb/v7e-m/fpv4-sp/hard\libstdc++_nano.a(tinfo.o)
                              c:/program files (x86)/gnu tools arm embedded/7 2017-q4-major/bin/../lib/gcc/arm-none-eabi/7.2.1/../../../../arm-none-eabi/lib/thumb/v7e-m/fpv4-sp/hard\libstdc++_nano.a(si_class_type_info.o) (std::type_info::__is_pointer_p() const)
c:/program files (x86)/gnu tools arm embedded/7 2017-q4-major/bin/../lib/gcc/arm-none-eabi/7.2.1/../../../../arm-none-eabi/lib/thumb/v7e-m/fpv4-sp/hard\libstdc++_nano.a(class_type_info.o)
                              c:/program files (x86)/gnu tools arm embedded/7 2017-q4-major/bin/../lib/gcc/arm-none-eabi/7.2.1/../../../../arm-none-eabi/lib/thumb/v7e-m/fpv4-sp/hard\libstdc++_nano.a(si_class_type_info.o) (__cxxabiv1::__class_type_info::__do_upcast(__cxxabiv1::__class_type_info const*, void**) const)
c:/program files (x86)/gnu tools arm embedded/7 2017-q4-major/bin/../lib/gcc/arm-none-eabi/7.2.1/../../../../arm-none-eabi/lib/thumb/v7e-m/fpv4-sp/hard\libstdc++_nano.a(del_op.o)
                              c:/program files (x86)/gnu tools arm embedded/7 2017-q4-major/bin/../lib/gcc/arm-none-eabi/7.2.1/../../../../arm-none-eabi/lib/thumb/v7e-m/fpv4-sp/hard\libstdc++_nano.a(del_ops.o) (operator delete(void*))
c:/program files (x86)/gnu tools arm embedded/7 2017-q4-major/bin/../lib/gcc/arm-none-eabi/7.2.1/../../../../arm-none-eabi/lib/thumb/v7e-m/fpv4-sp/hard\libc_nano.a(lib_a-cxa_atexit.o)
                              c:/program files (x86)/gnu tools arm embedded/7 2017-q4-major/bin/../lib/gcc/arm-none-eabi/7.2.1/../../../../arm-none-eabi/lib/thumb/v7e-m/fpv4-sp/hard\libstdc++_nano.a(atexit_arm.o) (__cxa_atexit)
c:/program files (x86)/gnu tools arm embedded/7 2017-q4-major/bin/../lib/gcc/arm-none-eabi/7.2.1/../../../../arm-none-eabi/lib/thumb/v7e-m/fpv4-sp/hard\libc_nano.a(lib_a-exit.o)
                              c:/program files (x86)/gnu tools arm embedded/7 2017-q4-major/bin/../lib/gcc/arm-none-eabi/7.2.1/../../../../arm-none-eabi/lib/thumb/v7e-m/fpv4-sp/hard/crt0.o (exit)
c:/program files (x86)/gnu tools arm embedded/7 2017-q4-major/bin/../lib/gcc/arm-none-eabi/7.2.1/../../../../arm-none-eabi/lib/thumb/v7e-m/fpv4-sp/hard\libc_nano.a(lib_a-impure.o)
                              c:/program files (x86)/gnu tools arm embedded/7 2017-q4-major/bin/../lib/gcc/arm-none-eabi/7.2.1/../../../../arm-none-eabi/lib/thumb/v7e-m/fpv4-sp/hard\libc_nano.a(lib_a-exit.o) (_global_impure_ptr)
c:/program files (x86)/gnu tools arm embedded/7 2017-q4-major/bin/../lib/gcc/arm-none-eabi/7.2.1/../../../../arm-none-eabi/lib/thumb/v7e-m/fpv4-sp/hard\libc_nano.a(lib_a-init.o)
                              c:/program files (x86)/gnu tools arm embedded/7 2017-q4-major/bin/../lib/gcc/arm-none-eabi/7.2.1/../../../../arm-none-eabi/lib/thumb/v7e-m/fpv4-sp/hard/crt0.o (__libc_init_array)
c:/program files (x86)/gnu tools arm embedded/7 2017-q4-major/bin/../lib/gcc/arm-none-eabi/7.2.1/../../../../arm-none-eabi/lib/thumb/v7e-m/fpv4-sp/hard\libc_nano.a(lib_a-malloc.o)
                              Build/usbd_cdc.o (malloc)
c:/program files (x86)/gnu tools arm embedded/7 2017-q4-major/bin/../lib/gcc/arm-none-eabi/7.2.1/../../../../arm-none-eabi/lib/thumb/v7e-m/fpv4-sp/hard\libc_nano.a(lib_a-memcpy-stub.o)
                              Build/queue.o (memcpy)
c:/program files (x86)/gnu tools arm embedded/7 2017-q4-major/bin/../lib/gcc/arm-none-eabi/7.2.1/../../../../arm-none-eabi/lib/thumb/v7e-m/fpv4-sp/hard\libc_nano.a(lib_a-memset.o)
                              c:/program files (x86)/gnu tools arm embedded/7 2017-q4-major/bin/../lib/gcc/arm-none-eabi/7.2.1/../../../../arm-none-eabi/lib/thumb/v7e-m/fpv4-sp/hard/crt0.o (memset)
c:/program files (x86)/gnu tools arm embedded/7 2017-q4-major/bin/../lib/gcc/arm-none-eabi/7.2.1/../../../../arm-none-eabi/lib/thumb/v7e-m/fpv4-sp/hard\libc_nano.a(lib_a-nano-freer.o)
[...]
Memory Configuration

Name             Origin             Length             Attributes
RAM              0x20000000         0x00020000         xrw
CCMRAM           0x10000000         0x00010000         rw
FLASH            0x08000000         0x00100000         xr
*default*        0x00000000         0xffffffff

Linker script and memory map

LOAD c:/program files (x86)/gnu tools arm embedded/7 2017-q4-major/bin/../lib/gcc/arm-none-eabi/7.2.1/thumb/v7e-m/fpv4-sp/hard/crti.o
LOAD c:/program files (x86)/gnu tools arm embedded/7 2017-q4-major/bin/../lib/gcc/arm-none-eabi/7.2.1/thumb/v7e-m/fpv4-sp/hard/crtbegin.o
LOAD c:/program files (x86)/gnu tools arm embedded/7 2017-q4-major/bin/../lib/gcc/arm-none-eabi/7.2.1/../../../../arm-none-eabi/lib/thumb/v7e-m/fpv4-sp/hard/crt0.o
LOAD Build/gpio.o
LOAD Build/adc.o
LOAD Build/dma.o
LOAD Build/i2c.o
LOAD Build/spi.o
LOAD Build/tim.o
LOAD Build/usart.o
LOAD Build/freertos.o
LOAD Build/printf_config.o
LOAD Build/stm32f4xx_it.o
LOAD Build/stm32f4xx_hal_msp.o
LOAD Build/stm32f4xx_hal_timebase_tim.o
LOAD Build/usb_device.o
LOAD Build/usbd_desc.o
LOAD Build/usbd_cdc_if.o
LOAD Build/usbd_conf.o
LOAD Build/stm32f4xx_hal_pcd.o
LOAD Build/stm32f4xx_hal_pcd_ex.o
LOAD Build/stm32f4xx_ll_usb.o
LOAD Build/stm32f4xx_hal_adc.o
LOAD Build/stm32f4xx_hal_adc_ex.o
LOAD Build/stm32f4xx_hal_i2c.o
LOAD Build/stm32f4xx_hal_i2c_ex.o
LOAD Build/stm32f4xx_hal_spi.o
LOAD Build/stm32f4xx_hal_tim.o
LOAD Build/stm32f4xx_hal_tim_ex.o
LOAD Build/stm32f4xx_hal_uart.o
LOAD Build/stm32f4xx_hal_rcc.o
LOAD Build/stm32f4xx_hal_rcc_ex.o
LOAD Build/stm32f4xx_hal_flash.o
LOAD Build/stm32f4xx_hal_flash_ex.o
LOAD Build/stm32f4xx_hal_flash_ramfunc.o
LOAD Build/stm32f4xx_hal_gpio.o
LOAD Build/stm32f4xx_hal_dma_ex.o
LOAD Build/stm32f4xx_hal_dma.o
LOAD Build/stm32f4xx_hal_pwr.o
LOAD Build/stm32f4xx_hal_pwr_ex.o
LOAD Build/stm32f4xx_hal_cortex.o
LOAD Build/stm32f4xx_hal.o
LOAD Build/system_stm32f4xx.o
LOAD Build/croutine.o
LOAD Build/event_groups.o
LOAD Build/list.o
LOAD Build/queue.o
LOAD Build/tasks.o
LOAD Build/timers.o
LOAD Build/cmsis_os.o
LOAD Build/port.o
LOAD Build/usbd_core.o
LOAD Build/usbd_ctlreq.o
LOAD Build/usbd_ioreq.o
LOAD Build/usbd_cdc.o
LOAD Build/startup_stm32f407xx.o
LOAD Build/wheel.o
LOAD Build/robo_tasks.o
LOAD Build/tune_motors.o
LOAD Build/robo_init.o
LOAD Build/main.o
LOAD c:/program files (x86)/gnu tools arm embedded/7 2017-q4-major/bin/../lib/gcc/arm-none-eabi/7.2.1/../../../../arm-none-eabi/lib/thumb/v7e-m/fpv4-sp/hard\libnosys.a
LOAD c:/program files (x86)/gnu tools arm embedded/7 2017-q4-major/bin/../lib/gcc/arm-none-eabi/7.2.1/../../../../arm-none-eabi/lib/thumb/v7e-m/fpv4-sp/hard\libstdc++_nano.a
LOAD c:/program files (x86)/gnu tools arm embedded/7 2017-q4-major/bin/../lib/gcc/arm-none-eabi/7.2.1/../../../../arm-none-eabi/lib/thumb/v7e-m/fpv4-sp/hard\libm.a
LOAD c:/program files (x86)/gnu tools arm embedded/7 2017-q4-major/bin/../lib/gcc/arm-none-eabi/7.2.1/../../../../arm-none-eabi/lib/thumb/v7e-m/fpv4-sp/hard\libc_nano.a
START GROUP
LOAD c:/program files (x86)/gnu tools arm embedded/7 2017-q4-major/bin/../lib/gcc/arm-none-eabi/7.2.1/thumb/v7e-m/fpv4-sp/hard\libgcc.a
LOAD c:/program files (x86)/gnu tools arm embedded/7 2017-q4-major/bin/../lib/gcc/arm-none-eabi/7.2.1/../../../../arm-none-eabi/lib/thumb/v7e-m/fpv4-sp/hard\libc_nano.a
END GROUP
START GROUP
LOAD c:/program files (x86)/gnu tools arm embedded/7 2017-q4-major/bin/../lib/gcc/arm-none-eabi/7.2.1/thumb/v7e-m/fpv4-sp/hard\libgcc.a
LOAD c:/program files (x86)/gnu tools arm embedded/7 2017-q4-major/bin/../lib/gcc/arm-none-eabi/7.2.1/../../../../arm-none-eabi/lib/thumb/v7e-m/fpv4-sp/hard\libc_nano.a
LOAD c:/program files (x86)/gnu tools arm embedded/7 2017-q4-major/bin/../lib/gcc/arm-none-eabi/7.2.1/../../../../arm-none-eabi/lib/thumb/v7e-m/fpv4-sp/hard\libnosys.a
END GROUP
START GROUP
LOAD c:/program files (x86)/gnu tools arm embedded/7 2017-q4-major/bin/../lib/gcc/arm-none-eabi/7.2.1/thumb/v7e-m/fpv4-sp/hard\libgcc.a
LOAD c:/program files (x86)/gnu tools arm embedded/7 2017-q4-major/bin/../lib/gcc/arm-none-eabi/7.2.1/../../../../arm-none-eabi/lib/thumb/v7e-m/fpv4-sp/hard\libc_nano.a
LOAD c:/program files (x86)/gnu tools arm embedded/7 2017-q4-major/bin/../lib/gcc/arm-none-eabi/7.2.1/../../../../arm-none-eabi/lib/thumb/v7e-m/fpv4-sp/hard\libnosys.a
END GROUP
LOAD c:/program files (x86)/gnu tools arm embedded/7 2017-q4-major/bin/../lib/gcc/arm-none-eabi/7.2.1/thumb/v7e-m/fpv4-sp/hard/crtend.o
LOAD c:/program files (x86)/gnu tools arm embedded/7 2017-q4-major/bin/../lib/gcc/arm-none-eabi/7.2.1/thumb/v7e-m/fpv4-sp/hard/crtn.o
                0x20020000                _estack = 0x20020000
                0x00002000                _Min_Heap_Size = 0x2000
                0x00004000                _Min_Stack_Size = 0x4000

.isr_vector     0x08000000      0x188
                0x08000000                . = ALIGN (0x4)
 *(.isr_vector)
 .isr_vector    0x08000000      0x188 Build/startup_stm32f407xx.o
                0x08000000                g_pfnVectors
                0x08000188                . = ALIGN (0x4)

.text           0x08000190     0x7ad8
                0x08000190                . = ALIGN (0x4)
 *(.text)
 .text          0x08000190       0x40 c:/program files (x86)/gnu tools arm embedded/7 2017-q4-major/bin/../lib/gcc/arm-none-eabi/7.2.1/thumb/v7e-m/fpv4-sp/hard/crtbegin.o
 .text          0x080001d0       0x14 c:/program files (x86)/gnu tools arm embedded/7 2017-q4-major/bin/../lib/gcc/arm-none-eabi/7.2.1/../../../../arm-none-eabi/lib/thumb/v7e-m/fpv4-sp/hard\libc_nano.a(lib_a-strcmp.o)
                0x080001d0                strcmp
 .text          0x080001e4       0x30 c:/program files (x86)/gnu tools arm embedded/7 2017-q4-major/bin/../lib/gcc/arm-none-eabi/7.2.1/thumb/v7e-m/fpv4-sp/hard\libgcc.a(_aeabi_uldivmod.o)
                0x080001e4                __aeabi_uldivmod
 .text          0x08000214      0x2cc c:/program files (x86)/gnu tools arm embedded/7 2017-q4-major/bin/../lib/gcc/arm-none-eabi/7.2.1/thumb/v7e-m/fpv4-sp/hard\libgcc.a(_udivmoddi4.o)
                0x08000214                __udivmoddi4
 .text          0x080004e0        0x4 c:/program files (x86)/gnu tools arm embedded/7 2017-q4-major/bin/../lib/gcc/arm-none-eabi/7.2.1/thumb/v7e-m/fpv4-sp/hard\libgcc.a(_dvmd_tls.o)
                0x080004e0                __aeabi_idiv0
                0x080004e0                __aeabi_ldiv0
 *(.text*)
 .text.MX_GPIO_Init
                0x080004e4      0x23c Build/gpio.o
                0x080004e4                MX_GPIO_Init
 .text.MX_ADC1_Init
                0x08000720       0x6c Build/adc.o
                0x08000720                MX_ADC1_Init
 .text.HAL_ADC_MspInit
                0x0800078c       0x68 Build/adc.o
                0x0800078c                HAL_ADC_MspInit
 .text.MX_DMA_Init
                0x080007f4       0x34 Build/dma.o
                0x080007f4                MX_DMA_Init
 .text.MX_I2C1_Init
                0x08000828       0x3c Build/i2c.o
                0x08000828                MX_I2C1_Init
 .text.HAL_I2C_MspInit
                0x08000864       0x74 Build/i2c.o
                0x08000864                HAL_I2C_MspInit
 .text.MX_SPI1_Init
                0x080008d8       0x40 Build/spi.o
                0x080008d8                MX_SPI1_Init
 .text.MX_SPI2_Init
                0x08000918       0x40 Build/spi.o
                0x08000918                MX_SPI2_Init
 .text.HAL_SPI_MspInit
                0x08000958      0x118 Build/spi.o
                0x08000958                HAL_SPI_MspInit
 .text.MX_TIM1_Init
                0x08000a70       0x64 Build/tim.o
                0x08000a70                MX_TIM1_Init
 .text.MX_TIM2_Init
                0x08000ad4       0x60 Build/tim.o
                0x08000ad4                MX_TIM2_Init
 .text.MX_TIM3_Init
                0x08000b34       0x64 Build/tim.o
                0x08000b34                MX_TIM3_Init
 .text.MX_TIM4_Init
                0x08000b98       0x64 Build/tim.o
                0x08000b98                MX_TIM4_Init
 .text.HAL_TIM_Encoder_MspInit
                0x08000bfc      0x154 Build/tim.o
                0x08000bfc                HAL_TIM_Encoder_MspInit
 .text.HAL_TIM_PWM_MspInit
                0x08000d50       0x30 Build/tim.o
                0x08000d50                HAL_TIM_PWM_MspInit
 .text.HAL_TIM_MspPostInit
                0x08000d80       0x60 Build/tim.o
                0x08000d80                HAL_TIM_MspPostInit
 .text.MX_TIM8_Init
                0x08000de0       0xf4 Build/tim.o
                0x08000de0                MX_TIM8_Init
 .text.MX_UART4_Init
                0x08000ed4       0x34 Build/usart.o
                0x08000ed4                MX_UART4_Init
 .text.MX_USART2_UART_Init
                0x08000f08       0x34 Build/usart.o
                0x08000f08                MX_USART2_UART_Init
 .text.MX_USART3_UART_Init
                0x08000f3c       0x34 Build/usart.o
                0x08000f3c                MX_USART3_UART_Init
 .text.HAL_UART_MspInit
                0x08000f70      0x168 Build/usart.o
                0x08000f70                HAL_UART_MspInit
 .text.vApplicationGetIdleTaskMemory
                0x080010d8       0x18 Build/freertos.o
                0x080010d8                vApplicationGetIdleTaskMemory
 .text.MX_FREERTOS_Init
                0x080010f0       0x70 Build/freertos.o
                0x080010f0                MX_FREERTOS_Init
 .text.ITM_SendString
                0x08001160       0x4e Build/printf_config.o
                0x08001160                ITM_SendString
 .text._write   0x080011ae        0xc Build/printf_config.o
                0x080011ae                _write
 .text.NMI_Handler
                0x080011ba        0x2 Build/stm32f4xx_it.o
                0x080011ba                NMI_Handler
 .text.HardFault_Handler
                0x080011bc        0x2 Build/stm32f4xx_it.o
                0x080011bc                HardFault_Handler
 .text.MemManage_Handler
                0x080011be        0x2 Build/stm32f4xx_it.o
                0x080011be                MemManage_Handler
 .text.BusFault_Handler
                0x080011c0        0x2 Build/stm32f4xx_it.o
                0x080011c0                BusFault_Handler
 .text.UsageFault_Handler
                0x080011c2        0x2 Build/stm32f4xx_it.o
                0x080011c2                UsageFault_Handler
 .text.DebugMon_Handler
                0x080011c4        0x2 Build/stm32f4xx_it.o
                0x080011c4                DebugMon_Handler
 .text.EXTI0_IRQHandler
                0x080011c6        0xa Build/stm32f4xx_it.o
                0x080011c6                EXTI0_IRQHandler
 .text.EXTI4_IRQHandler
                0x080011d0        0xa Build/stm32f4xx_it.o
                0x080011d0                EXTI4_IRQHandler
 *fill*         0x080011da        0x2 
 .text.DMA1_Stream1_IRQHandler
                0x080011dc       0x10 Build/stm32f4xx_it.o
                0x080011dc                DMA1_Stream1_IRQHandler
 .text.EXTI15_10_IRQHandler
                0x080011ec        0xc Build/stm32f4xx_it.o
                0x080011ec                EXTI15_10_IRQHandler
 .text.TIM5_IRQHandler
                0x080011f8       0x10 Build/stm32f4xx_it.o
                0x080011f8                TIM5_IRQHandler
 .text.OTG_FS_IRQHandler
                0x08001208       0x10 Build/stm32f4xx_it.o
                0x08001208                OTG_FS_IRQHandler
 .text.HAL_MspInit
                0x08001218       0x44 Build/stm32f4xx_hal_msp.o
                0x08001218                HAL_MspInit
 .text.HAL_InitTick
                0x0800125c       0x7c Build/stm32f4xx_hal_timebase_tim.o
                0x0800125c                HAL_InitTick
 .text.MX_USB_DEVICE_Init
                0x080012d8       0x38 Build/usb_device.o
                0x080012d8                MX_USB_DEVICE_Init
 .text.USBD_FS_DeviceDescriptor
                0x08001310        0xc Build/usbd_desc.o
                0x08001310                USBD_FS_DeviceDescriptor
 .text.USBD_FS_LangIDStrDescriptor
                0x0800131c        0xc Build/usbd_desc.o
                0x0800131c                USBD_FS_LangIDStrDescriptor
 .text.USBD_FS_ProductStrDescriptor
                0x08001328       0x24 Build/usbd_desc.o
                0x08001328                USBD_FS_ProductStrDescriptor
 .text.USBD_FS_ManufacturerStrDescriptor
                0x0800134c       0x1c Build/usbd_desc.o
                0x0800134c                USBD_FS_ManufacturerStrDescriptor
 .text.USBD_FS_SerialStrDescriptor
                0x08001368       0x24 Build/usbd_desc.o
                0x08001368                USBD_FS_SerialStrDescriptor
 .text.USBD_FS_ConfigStrDescriptor
                0x0800138c       0x24 Build/usbd_desc.o
                0x0800138c                USBD_FS_ConfigStrDescriptor
 .text.USBD_FS_InterfaceStrDescriptor
                0x080013b0       0x24 Build/usbd_desc.o
                0x080013b0                USBD_FS_InterfaceStrDescriptor
 .text.CDC_DeInit_FS
                0x080013d4        0x4 Build/usbd_cdc_if.o
 .text.CDC_Control_FS
                0x080013d8        0x4 Build/usbd_cdc_if.o
 .text.CDC_Receive_FS
                0x080013dc       0x1c Build/usbd_cdc_if.o
 .text.CDC_Init_FS
                0x080013f8       0x28 Build/usbd_cdc_if.o
 .text.HAL_PCD_MspInit
                0x08001420       0x68 Build/usbd_conf.o
                0x08001420                HAL_PCD_MspInit
 .text.HAL_PCD_SetupStageCallback
                0x08001488       0x10 Build/usbd_conf.o
                0x08001488                HAL_PCD_SetupStageCallback
 .text.HAL_PCD_DataOutStageCallback
                0x08001498       0x18 Build/usbd_conf.o
                0x08001498                HAL_PCD_DataOutStageCallback
 .text.HAL_PCD_DataInStageCallback
                0x080014b0       0x16 Build/usbd_conf.o
                0x080014b0                HAL_PCD_DataInStageCallback
 .text.HAL_PCD_SOFCallback
                0x080014c6        0xc Build/usbd_conf.o
                0x080014c6                HAL_PCD_SOFCallback
 .text.HAL_PCD_ResetCallback
                0x080014d2       0x20 Build/usbd_conf.o
                0x080014d2                HAL_PCD_ResetCallback
 *fill*         0x080014f2        0x2 
 .text.HAL_PCD_SuspendCallback
                0x080014f4       0x30 Build/usbd_conf.o
                0x080014f4                HAL_PCD_SuspendCallback
 .text.HAL_PCD_ResumeCallback
                0x08001524        0xc Build/usbd_conf.o
                0x08001524                HAL_PCD_ResumeCallback
 .text.HAL_PCD_ISOOUTIncompleteCallback
                0x08001530        0xc Build/usbd_conf.o
                0x08001530                HAL_PCD_ISOOUTIncompleteCallback
 .text.HAL_PCD_ISOINIncompleteCallback
                0x0800153c        0xc Build/usbd_conf.o
                0x0800153c                HAL_PCD_ISOINIncompleteCallback
 .text.HAL_PCD_ConnectCallback
                0x08001548        0xc Build/usbd_conf.o
                0x08001548                HAL_PCD_ConnectCallback
 .text.HAL_PCD_DisconnectCallback
                0x08001554        0xc Build/usbd_conf.o
                0x08001554                HAL_PCD_DisconnectCallback
 .text.USBD_LL_Init
                0x08001560       0x68 Build/usbd_conf.o
                0x08001560                USBD_LL_Init
 .text.USBD_LL_Start
                0x080015c8       0x1c Build/usbd_conf.o
                0x080015c8                USBD_LL_Start
 .text.USBD_LL_OpenEP
                0x080015e4       0x22 Build/usbd_conf.o
                0x080015e4                USBD_LL_OpenEP
 .text.USBD_LL_CloseEP
                0x08001606       0x1c Build/usbd_conf.o
                0x08001606                USBD_LL_CloseEP
 .text.USBD_LL_StallEP
                0x08001622       0x1c Build/usbd_conf.o
                0x08001622                USBD_LL_StallEP
 .text.USBD_LL_ClearStallEP
                0x0800163e       0x1c Build/usbd_conf.o
                0x0800163e                USBD_LL_ClearStallEP
 .text.USBD_LL_IsStallEP
                0x0800165a       0x2e Build/usbd_conf.o
                0x0800165a                USBD_LL_IsStallEP
 .text.USBD_LL_SetUSBAddress
                0x08001688       0x1c Build/usbd_conf.o
                0x08001688                USBD_LL_SetUSBAddress
 .text.USBD_LL_Transmit
                0x080016a4       0x1c Build/usbd_conf.o
                0x080016a4                USBD_LL_Transmit
 .text.USBD_LL_PrepareReceive
                0x080016c0       0x1c Build/usbd_conf.o
                0x080016c0                USBD_LL_PrepareReceive
 .text.USBD_LL_GetRxDataSize
                0x080016dc        0xc Build/usbd_conf.o
                0x080016dc                USBD_LL_GetRxDataSize
 .text.PCD_WriteEmptyTxFifo
                0x080016e8       0xac Build/stm32f4xx_hal_pcd.o
 .text.HAL_PCD_Init
                0x08001794      0x100 Build/stm32f4xx_hal_pcd.o
                0x08001794                HAL_PCD_Init
 .text.HAL_PCD_Start
                0x08001894       0x2a Build/stm32f4xx_hal_pcd.o
                0x08001894                HAL_PCD_Start
 *fill*         0x080018be        0x2 
 .text.HAL_PCD_IRQHandler
                0x080018c0      0x5c4 Build/stm32f4xx_hal_pcd.o
                0x080018c0                HAL_PCD_IRQHandler
 .text.HAL_PCD_SetAddress
                0x08001e84       0x24 Build/stm32f4xx_hal_pcd.o
                0x08001e84                HAL_PCD_SetAddress
 .text.HAL_PCD_EP_Open
                0x08001ea8       0x68 Build/stm32f4xx_hal_pcd.o
                0x08001ea8                HAL_PCD_EP_Open
 .text.HAL_PCD_EP_Close
                0x08001f10       0x56 Build/stm32f4xx_hal_pcd.o
                0x08001f10                HAL_PCD_EP_Close
 .text.HAL_PCD_EP_Receive
                0x08001f66       0x5a Build/stm32f4xx_hal_pcd.o
                0x08001f66                HAL_PCD_EP_Receive
 .text.HAL_PCD_EP_GetRxCount
                0x08001fc0       0x12 Build/stm32f4xx_hal_pcd.o
                0x08001fc0                HAL_PCD_EP_GetRxCount
 .text.HAL_PCD_EP_Transmit
                0x08001fd2       0x52 Build/stm32f4xx_hal_pcd.o
                0x08001fd2                HAL_PCD_EP_Transmit
 .text.HAL_PCD_EP_SetStall
                0x08002024       0x66 Build/stm32f4xx_hal_pcd.o
                0x08002024                HAL_PCD_EP_SetStall
 .text.HAL_PCD_EP_ClrStall
                0x0800208a       0x56 Build/stm32f4xx_hal_pcd.o
                0x0800208a                HAL_PCD_EP_ClrStall
 .text.HAL_PCDEx_SetTxFiFo
                0x080020e0       0x48 Build/stm32f4xx_hal_pcd_ex.o
                0x080020e0                HAL_PCDEx_SetTxFiFo
 .text.HAL_PCDEx_SetRxFiFo
                0x08002128        0x8 Build/stm32f4xx_hal_pcd_ex.o
                0x08002128                HAL_PCDEx_SetRxFiFo
 .text.USB_CoreInit
                0x08002130       0x7c Build/stm32f4xx_ll_usb.o
                0x08002130                USB_CoreInit
 .text.USB_EnableGlobalInt
                0x080021ac        0xc Build/stm32f4xx_ll_usb.o
                0x080021ac                USB_EnableGlobalInt
 .text.USB_DisableGlobalInt
                0x080021b8        0xc Build/stm32f4xx_ll_usb.o
                0x080021b8                USB_DisableGlobalInt
 .text.USB_SetCurrentMode
                0x080021c4       0x2c Build/stm32f4xx_ll_usb.o
                0x080021c4                USB_SetCurrentMode
 .text.USB_DevInit
                0x080021f0      0x150 Build/stm32f4xx_ll_usb.o
                0x080021f0                USB_DevInit
 .text.USB_FlushTxFifo
                0x08002340       0x28 Build/stm32f4xx_ll_usb.o
                0x08002340                USB_FlushTxFifo
 .text.USB_FlushRxFifo
                0x08002368       0x24 Build/stm32f4xx_ll_usb.o
                0x08002368                USB_FlushRxFifo
 .text.USB_SetDevSpeed
                0x0800238c        0xe Build/stm32f4xx_ll_usb.o
                0x0800238c                USB_SetDevSpeed
 .text.USB_GetDevSpeed
                0x0800239a       0x40 Build/stm32f4xx_ll_usb.o
                0x0800239a                USB_GetDevSpeed
 .text.USB_ActivateEndpoint
                0x080023da       0x92 Build/stm32f4xx_ll_usb.o
                0x080023da                USB_ActivateEndpoint
 .text.USB_DeactivateEndpoint
                0x0800246c       0xf0 Build/stm32f4xx_ll_usb.o
                0x0800246c                USB_DeactivateEndpoint
 .text.USB_EPStartXfer
                0x0800255c      0x264 Build/stm32f4xx_ll_usb.o
                0x0800255c                USB_EPStartXfer
 .text.USB_EP0StartXfer
                0x080027c0      0x160 Build/stm32f4xx_ll_usb.o
                0x080027c0                USB_EP0StartXfer
 .text.USB_WritePacket
                0x08002920       0x28 Build/stm32f4xx_ll_usb.o
                0x08002920                USB_WritePacket
 .text.USB_ReadPacket
                0x08002948       0x28 Build/stm32f4xx_ll_usb.o
                0x08002948                USB_ReadPacket
 .text.USB_EPSetStall
                0x08002970       0x64 Build/stm32f4xx_ll_usb.o
                0x08002970                USB_EPSetStall
 .text.USB_EPClearStall
                0x080029d4       0x6a Build/stm32f4xx_ll_usb.o
                0x080029d4                USB_EPClearStall
 .text.USB_SetDevAddress
                0x08002a3e       0x20 Build/stm32f4xx_ll_usb.o
                0x08002a3e                USB_SetDevAddress
 .text.USB_DevConnect
                0x08002a5e       0x18 Build/stm32f4xx_ll_usb.o
                0x08002a5e                USB_DevConnect
 .text.USB_DevDisconnect
                0x08002a76       0x18 Build/stm32f4xx_ll_usb.o
                0x08002a76                USB_DevDisconnect
 .text.USB_ReadInterrupts
                0x08002a8e        0x8 Build/stm32f4xx_ll_usb.o
                0x08002a8e                USB_ReadInterrupts
 .text.USB_ReadDevAllOutEpInterrupt
                0x08002a96       0x10 Build/stm32f4xx_ll_usb.o
                0x08002a96                USB_ReadDevAllOutEpInterrupt
 .text.USB_ReadDevAllInEpInterrupt
                0x08002aa6       0x10 Build/stm32f4xx_ll_usb.o
                0x08002aa6                USB_ReadDevAllInEpInterrupt
 .text.USB_ReadDevOutEPInterrupt
                0x08002ab6       0x12 Build/stm32f4xx_ll_usb.o
                0x08002ab6                USB_ReadDevOutEPInterrupt
 .text.USB_ReadDevInEPInterrupt
                0x08002ac8       0x24 Build/stm32f4xx_ll_usb.o
                0x08002ac8                USB_ReadDevInEPInterrupt
 .text.USB_GetMode
                0x08002aec        0x8 Build/stm32f4xx_ll_usb.o
                0x08002aec                USB_GetMode
 .text.USB_ActivateSetup
                0x08002af4       0x38 Build/stm32f4xx_ll_usb.o
                0x08002af4                USB_ActivateSetup
 .text.USB_EP0_OutStart
                0x08002b2c       0x46 Build/stm32f4xx_ll_usb.o
                0x08002b2c                USB_EP0_OutStart
 *fill*         0x08002b72        0x2 
 .text.USB_CoreReset
                0x08002b74       0x3c Build/stm32f4xx_ll_usb.o
 .text.ADC_Init
                0x08002bb0      0x14c Build/stm32f4xx_hal_adc.o
 .text.HAL_ADC_Init
                0x08002cfc      0x1ec Build/stm32f4xx_hal_adc.o
                0x08002cfc                HAL_ADC_Init
 .text.HAL_ADC_ConfigChannel
                0x08002ee8      0x1cc Build/stm32f4xx_hal_adc.o
                0x08002ee8                HAL_ADC_ConfigChannel
 .text.HAL_I2C_Init
                0x080030b4      0x1f8 Build/stm32f4xx_hal_i2c.o
                0x080030b4                HAL_I2C_Init
 .text.HAL_SPI_Init
                0x080032ac      0x194 Build/stm32f4xx_hal_spi.o
                0x080032ac                HAL_SPI_Init
 .text.TIM_OC1_SetConfig
                0x08003440       0x5c Build/stm32f4xx_hal_tim.o
 .text.TIM_OC3_SetConfig
                0x0800349c       0xb0 Build/stm32f4xx_hal_tim.o
 .text.TIM_OC4_SetConfig
                0x0800354c       0x74 Build/stm32f4xx_hal_tim.o
 .text.HAL_TIM_Base_MspInit
                0x080035c0        0x2 Build/stm32f4xx_hal_tim.o
                0x080035c0                HAL_TIM_Base_MspInit
 *fill*         0x080035c2        0x2 
 .text.HAL_TIM_Base_Start_IT
                0x080035c4       0x9c Build/stm32f4xx_hal_tim.o
                0x080035c4                HAL_TIM_Base_Start_IT
 .text.HAL_TIM_OC_DelayElapsedCallback
                0x08003660        0x2 Build/stm32f4xx_hal_tim.o
                0x08003660                HAL_TIM_OC_DelayElapsedCallback
 .text.HAL_TIM_IC_CaptureCallback
                0x08003662        0x2 Build/stm32f4xx_hal_tim.o
                0x08003662                HAL_TIM_IC_CaptureCallback
 .text.HAL_TIM_PWM_PulseFinishedCallback
                0x08003664        0x2 Build/stm32f4xx_hal_tim.o
                0x08003664                HAL_TIM_PWM_PulseFinishedCallback
 .text.HAL_TIM_TriggerCallback
                0x08003666        0x2 Build/stm32f4xx_hal_tim.o
                0x08003666                HAL_TIM_TriggerCallback
 .text.HAL_TIM_IRQHandler
                0x08003668      0x17a Build/stm32f4xx_hal_tim.o
                0x08003668                HAL_TIM_IRQHandler
 *fill*         0x080037e2        0x2 
 .text.TIM_Base_SetConfig
                0x080037e4       0xc0 Build/stm32f4xx_hal_tim.o
                0x080037e4                TIM_Base_SetConfig
 .text.HAL_TIM_Base_Init
                0x080038a4       0xec Build/stm32f4xx_hal_tim.o
                0x080038a4                HAL_TIM_Base_Init
 .text.HAL_TIM_PWM_Init
                0x08003990       0xf4 Build/stm32f4xx_hal_tim.o
                0x08003990                HAL_TIM_PWM_Init
 .text.HAL_TIM_Encoder_Init
                0x08003a84      0x1b4 Build/stm32f4xx_hal_tim.o
                0x08003a84                HAL_TIM_Encoder_Init
 .text.TIM_OC2_SetConfig
                0x08003c38       0x84 Build/stm32f4xx_hal_tim.o
                0x08003c38                TIM_OC2_SetConfig
 .text.HAL_TIM_PWM_ConfigChannel
                0x08003cbc      0x278 Build/stm32f4xx_hal_tim.o
                0x08003cbc                HAL_TIM_PWM_ConfigChannel
 .text.HAL_TIMEx_MasterConfigSynchronization
                0x08003f34       0xe4 Build/stm32f4xx_hal_tim_ex.o
                0x08003f34                HAL_TIMEx_MasterConfigSynchronization
 .text.HAL_TIMEx_ConfigBreakDeadTime
                0x08004018      0x128 Build/stm32f4xx_hal_tim_ex.o
                0x08004018                HAL_TIMEx_ConfigBreakDeadTime
 .text.HAL_TIMEx_CommutationCallback
                0x08004140        0x2 Build/stm32f4xx_hal_tim_ex.o
                0x08004140                HAL_TIMEx_CommutationCallback
 .text.HAL_TIMEx_BreakCallback
                0x08004142        0x2 Build/stm32f4xx_hal_tim_ex.o
                0x08004142                HAL_TIMEx_BreakCallback
 .text.UART_SetConfig
                0x08004144      0x3a0 Build/stm32f4xx_hal_uart.o
 .text.HAL_UART_Init
                0x080044e4      0x128 Build/stm32f4xx_hal_uart.o
                0x080044e4                HAL_UART_Init
 .text.HAL_RCC_OscConfig
                0x0800460c      0x4a0 Build/stm32f4xx_hal_rcc.o
                0x0800460c                HAL_RCC_OscConfig
 .text.HAL_RCC_GetSysClockFreq
                0x08004aac       0xd8 Build/stm32f4xx_hal_rcc.o
                0x08004aac                HAL_RCC_GetSysClockFreq
 .text.HAL_RCC_ClockConfig
                0x08004b84      0x214 Build/stm32f4xx_hal_rcc.o
                0x08004b84                HAL_RCC_ClockConfig
 .text.HAL_RCC_GetHCLKFreq
                0x08004d98        0xc Build/stm32f4xx_hal_rcc.o
                0x08004d98                HAL_RCC_GetHCLKFreq
 .text.HAL_RCC_GetPCLK1Freq
                0x08004da4       0x20 Build/stm32f4xx_hal_rcc.o
                0x08004da4                HAL_RCC_GetPCLK1Freq
 .text.HAL_RCC_GetPCLK2Freq
                0x08004dc4       0x20 Build/stm32f4xx_hal_rcc.o
                0x08004dc4                HAL_RCC_GetPCLK2Freq
 .text.HAL_RCC_GetClockConfig
                0x08004de4       0x3c Build/stm32f4xx_hal_rcc.o
                0x08004de4                HAL_RCC_GetClockConfig
 .text.HAL_GPIO_Init
                0x08004e20      0x2fc Build/stm32f4xx_hal_gpio.o
                0x08004e20                HAL_GPIO_Init
 .text.HAL_GPIO_WritePin
                0x0800511c       0x38 Build/stm32f4xx_hal_gpio.o
                0x0800511c                HAL_GPIO_WritePin
 .text.HAL_GPIO_EXTI_Callback
                0x08005154        0x2 Build/stm32f4xx_hal_gpio.o
                0x08005154                HAL_GPIO_EXTI_Callback
 *fill*         0x08005156        0x2 
 .text.HAL_GPIO_EXTI_IRQHandler
                0x08005158       0x1c Build/stm32f4xx_hal_gpio.o
                0x08005158                HAL_GPIO_EXTI_IRQHandler
 .text.DMA_CalcBaseAndBitshift
                0x08005174       0x3c Build/stm32f4xx_hal_dma.o
 .text.DMA_CheckFifoParam
                0x080051b0       0x8e Build/stm32f4xx_hal_dma.o
 *fill*         0x0800523e        0x2 
 .text.HAL_DMA_Init
                0x08005240      0x290 Build/stm32f4xx_hal_dma.o
                0x08005240                HAL_DMA_Init
 .text.HAL_DMA_IRQHandler
                0x080054d0      0x1dc Build/stm32f4xx_hal_dma.o
                0x080054d0                HAL_DMA_IRQHandler
 .text.HAL_NVIC_SetPriorityGrouping
                0x080056ac       0x3c Build/stm32f4xx_hal_cortex.o
                0x080056ac                HAL_NVIC_SetPriorityGrouping
 .text.HAL_NVIC_SetPriority
                0x080056e8       0x8c Build/stm32f4xx_hal_cortex.o
                0x080056e8                HAL_NVIC_SetPriority
 .text.HAL_NVIC_EnableIRQ
                0x08005774       0x2c Build/stm32f4xx_hal_cortex.o
                0x08005774                HAL_NVIC_EnableIRQ
 .text.HAL_Init
                0x080057a0       0x34 Build/stm32f4xx_hal.o
                0x080057a0                HAL_Init
 .text.HAL_IncTick
                0x080057d4       0x18 Build/stm32f4xx_hal.o
                0x080057d4                HAL_IncTick
 .text.HAL_GetTick
                0x080057ec        0xc Build/stm32f4xx_hal.o
                0x080057ec                HAL_GetTick
 .text.HAL_Delay
                0x080057f8       0x28 Build/stm32f4xx_hal.o
                0x080057f8                HAL_Delay
 .text.SystemInit
                0x08005820       0x4c Build/system_stm32f4xx.o
                0x08005820                SystemInit
 .text.vListInitialise
                0x0800586c       0x16 Build/list.o
                0x0800586c                vListInitialise
 .text.vListInitialiseItem
                0x08005882        0x6 Build/list.o
                0x08005882                vListInitialiseItem
 .text.vListInsertEnd
                0x08005888       0x18 Build/list.o
                0x08005888                vListInsertEnd
 .text.vListInsert
                0x080058a0       0x34 Build/list.o
                0x080058a0                vListInsert
 .text.uxListRemove
                0x080058d4       0x26 Build/list.o
                0x080058d4                uxListRemove
 *fill*         0x080058fa        0x2 
 .text.prvResetNextTaskUnblockTime
                0x080058fc       0x2c Build/tasks.o
 .text.prvInitialiseNewTask
                0x08005928       0x80 Build/tasks.o
 .text.prvInitialiseTaskLists
                0x080059a8       0x68 Build/tasks.o
 .text.prvAddNewTaskToReadyList
                0x08005a10       0xa8 Build/tasks.o
 .text.prvAddCurrentTaskToDelayedList
                0x08005ab8       0x98 Build/tasks.o
 .text.xTaskCreateStatic
                0x08005b50       0x50 Build/tasks.o
                0x08005b50                xTaskCreateStatic
 .text.vTaskStartScheduler
                0x08005ba0       0x6c Build/tasks.o
                0x08005ba0                vTaskStartScheduler
 .text.vTaskSuspendAll
                0x08005c0c       0x10 Build/tasks.o
                0x08005c0c                vTaskSuspendAll
 .text.xTaskIncrementTick
                0x08005c1c      0x118 Build/tasks.o
                0x08005c1c                xTaskIncrementTick
 .text.xTaskResumeAll
                0x08005d34       0xf4 Build/tasks.o
                0x08005d34                xTaskResumeAll
 .text.vTaskDelay
                0x08005e28       0x4c Build/tasks.o
                0x08005e28                vTaskDelay
 .text.prvCheckTasksWaitingTermination
                0x08005e74       0x54 Build/tasks.o
 .text.prvIdleTask
                0x08005ec8       0x28 Build/tasks.o
 .text.vTaskSwitchContext
                0x08005ef0       0x98 Build/tasks.o
                0x08005ef0                vTaskSwitchContext
 .text.makeFreeRtosPriority
                0x08005f88        0xc Build/cmsis_os.o
 .text.osKernelStart
                0x08005f94        0xa Build/cmsis_os.o
                0x08005f94                osKernelStart
 .text.osThreadCreate
                0x08005f9e       0x34 Build/cmsis_os.o
                0x08005f9e                osThreadCreate
 .text.osDelay  0x08005fd2       0x12 Build/cmsis_os.o
                0x08005fd2                osDelay
 .text.prvTaskExitError
                0x08005fe4       0x34 Build/port.o
 .text.prvPortStartFirstTask
                0x08006018       0x20 Build/port.o
 .text.vPortEnableVFP
                0x08006038       0x14 Build/port.o
 .text.pxPortInitialiseStack
                0x0800604c       0x2c Build/port.o
                0x0800604c                pxPortInitialiseStack
 *fill*         0x08006078        0x8 
 .text.SVC_Handler
                0x08006080       0x24 Build/port.o
                0x08006080                SVC_Handler
 .text.vPortEnterCritical
                0x080060a4       0x44 Build/port.o
                0x080060a4                vPortEnterCritical
 .text.vPortExitCritical
                0x080060e8       0x2c Build/port.o
                0x080060e8                vPortExitCritical
 *fill*         0x08006114        0xc 
 .text.PendSV_Handler
                0x08006120       0x64 Build/port.o
                0x08006120                PendSV_Handler
 .text.SysTick_Handler
                0x08006184       0x2c Build/port.o
                0x08006184                SysTick_Handler
 .text.vPortSetupTimerInterrupt
                0x080061b0       0x2c Build/port.o
                0x080061b0                vPortSetupTimerInterrupt
 .text.xPortStartScheduler
                0x080061dc       0xec Build/port.o
                0x080061dc                xPortStartScheduler
 .text.USBD_Init
                0x080062c8       0x2e Build/usbd_core.o
                0x080062c8                USBD_Init
 .text.USBD_RegisterClass
                0x080062f6        0xe Build/usbd_core.o
                0x080062f6                USBD_RegisterClass
 .text.USBD_Start
                0x08006304        0xa Build/usbd_core.o
                0x08006304                USBD_Start
 .text.USBD_SetClassConfig
                0x0800630e       0x1a Build/usbd_core.o
                0x0800630e                USBD_SetClassConfig
 .text.USBD_ClrClassConfig
                0x08006328        0xe Build/usbd_core.o
                0x08006328                USBD_ClrClassConfig
 .text.USBD_LL_SetupStage
                0x08006336       0x5a Build/usbd_core.o
                0x08006336                USBD_LL_SetupStage
 .text.USBD_LL_DataOutStage
                0x08006390       0x6a Build/usbd_core.o
                0x08006390                USBD_LL_DataOutStage
 .text.USBD_LL_DataInStage
                0x080063fa       0xb0 Build/usbd_core.o
                0x080063fa                USBD_LL_DataInStage
 .text.USBD_LL_Reset
                0x080064aa       0x3e Build/usbd_core.o
                0x080064aa                USBD_LL_Reset
 .text.USBD_LL_SetSpeed
                0x080064e8        0x6 Build/usbd_core.o
                0x080064e8                USBD_LL_SetSpeed
 .text.USBD_LL_Suspend
                0x080064ee       0x12 Build/usbd_core.o
                0x080064ee                USBD_LL_Suspend
 .text.USBD_LL_Resume
                0x08006500        0xc Build/usbd_core.o
                0x08006500                USBD_LL_Resume
 .text.USBD_LL_SOF
                0x0800650c       0x1c Build/usbd_core.o
                0x0800650c                USBD_LL_SOF
 .text.USBD_LL_IsoINIncomplete
                0x08006528        0x4 Build/usbd_core.o
                0x08006528                USBD_LL_IsoINIncomplete
 .text.USBD_LL_IsoOUTIncomplete
                0x0800652c        0x4 Build/usbd_core.o
                0x0800652c                USBD_LL_IsoOUTIncomplete
 .text.USBD_LL_DevConnected
                0x08006530        0x4 Build/usbd_core.o
                0x08006530                USBD_LL_DevConnected
 .text.USBD_LL_DevDisconnected
                0x08006534       0x16 Build/usbd_core.o
                0x08006534                USBD_LL_DevDisconnected
 .text.USBD_GetLen
                0x0800654a       0x14 Build/usbd_ctlreq.o
 .text.USBD_SetFeature
                0x0800655e       0x20 Build/usbd_ctlreq.o
 .text.USBD_ParseSetupRequest
                0x0800657e       0x28 Build/usbd_ctlreq.o
                0x0800657e                USBD_ParseSetupRequest
 .text.USBD_CtlError
                0x080065a6       0x14 Build/usbd_ctlreq.o
                0x080065a6                USBD_CtlError
 .text.USBD_GetDescriptor
                0x080065ba      0x132 Build/usbd_ctlreq.o
 .text.USBD_SetAddress
                0x080066ec       0x4a Build/usbd_ctlreq.o
 *fill*         0x08006736        0x2 
 .text.USBD_SetConfig
                0x08006738       0xa4 Build/usbd_ctlreq.o
 .text.USBD_GetConfig
                0x080067dc       0x3a Build/usbd_ctlreq.o
 .text.USBD_GetStatus
                0x08006816       0x2c Build/usbd_ctlreq.o
 .text.USBD_ClrFeature
                0x08006842       0x30 Build/usbd_ctlreq.o
 .text.USBD_StdDevReq
                0x08006872       0x48 Build/usbd_ctlreq.o
                0x08006872                USBD_StdDevReq
 .text.USBD_StdItfReq
                0x080068ba       0x38 Build/usbd_ctlreq.o
                0x080068ba                USBD_StdItfReq
 .text.USBD_StdEPReq
                0x080068f2      0x118 Build/usbd_ctlreq.o
                0x080068f2                USBD_StdEPReq
 .text.USBD_GetString
                0x08006a0a       0x3a Build/usbd_ctlreq.o
                0x08006a0a                USBD_GetString
 .text.USBD_CtlSendData
                0x08006a44       0x1a Build/usbd_ioreq.o
                0x08006a44                USBD_CtlSendData
 .text.USBD_CtlContinueSendData
                0x08006a5e       0x10 Build/usbd_ioreq.o
                0x08006a5e                USBD_CtlContinueSendData
 .text.USBD_CtlPrepareRx
                0x08006a6e       0x1e Build/usbd_ioreq.o
                0x08006a6e                USBD_CtlPrepareRx
 .text.USBD_CtlContinueRx
                0x08006a8c       0x10 Build/usbd_ioreq.o
                0x08006a8c                USBD_CtlContinueRx
 .text.USBD_CtlSendStatus
                0x08006a9c       0x16 Build/usbd_ioreq.o
                0x08006a9c                USBD_CtlSendStatus
 .text.USBD_CtlReceiveStatus
                0x08006ab2       0x16 Build/usbd_ioreq.o
                0x08006ab2                USBD_CtlReceiveStatus
 .text.USBD_CDC_DataIn
                0x08006ac8       0x12 Build/usbd_cdc.o
 .text.USBD_CDC_EP0_RxReady
                0x08006ada       0x28 Build/usbd_cdc.o
 *fill*         0x08006b02        0x2 
 .text.USBD_CDC_GetFSCfgDesc
                0x08006b04        0xc Build/usbd_cdc.o
 .text.USBD_CDC_GetHSCfgDesc
                0x08006b10        0xc Build/usbd_cdc.o
 .text.USBD_CDC_GetOtherSpeedCfgDesc
                0x08006b1c        0xc Build/usbd_cdc.o
 .text.USBD_CDC_GetDeviceQualifierDescriptor
                0x08006b28        0xc Build/usbd_cdc.o
                0x08006b28                USBD_CDC_GetDeviceQualifierDescriptor
 .text.USBD_CDC_DataOut
                0x08006b34       0x2e Build/usbd_cdc.o
 *fill*         0x08006b62        0x2 
 .text.USBD_CDC_Setup
                0x08006b64       0x74 Build/usbd_cdc.o
 .text.USBD_CDC_DeInit
                0x08006bd8       0x3a Build/usbd_cdc.o
 .text.USBD_CDC_Init
                0x08006c12       0x96 Build/usbd_cdc.o
 .text.USBD_CDC_RegisterInterface
                0x08006ca8        0xe Build/usbd_cdc.o
                0x08006ca8                USBD_CDC_RegisterInterface
 .text.USBD_CDC_SetTxBuffer
                0x08006cb6       0x10 Build/usbd_cdc.o
                0x08006cb6                USBD_CDC_SetTxBuffer
 .text.USBD_CDC_SetRxBuffer
                0x08006cc6        0xc Build/usbd_cdc.o
                0x08006cc6                USBD_CDC_SetRxBuffer
 .text.USBD_CDC_ReceivePacket
                0x08006cd2       0x32 Build/usbd_cdc.o
                0x08006cd2                USBD_CDC_ReceivePacket
 .text.Reset_Handler
                0x08006d04       0x50 Build/startup_stm32f407xx.o
                0x08006d04                Reset_Handler
 .text.Default_Handler
                0x08006d54        0x2 Build/startup_stm32f407xx.o
                0x08006d54                RTC_Alarm_IRQHandler
                0x08006d54                HASH_RNG_IRQHandler
                0x08006d54                EXTI2_IRQHandler
                0x08006d54                TIM8_CC_IRQHandler
                0x08006d54                TIM1_CC_IRQHandler
                0x08006d54                DMA2_Stream5_IRQHandler
                0x08006d54                DMA1_Stream5_IRQHandler
                0x08006d54                PVD_IRQHandler
                0x08006d54                SDIO_IRQHandler
                0x08006d54                TAMP_STAMP_IRQHandler
                0x08006d54                CAN2_RX1_IRQHandler
                0x08006d54                EXTI3_IRQHandler
                0x08006d54                TIM8_TRG_COM_TIM14_IRQHandler
                0x08006d54                TIM1_UP_TIM10_IRQHandler
                0x08006d54                TIM8_UP_TIM13_IRQHandler
                0x08006d54                I2C3_ER_IRQHandler
                0x08006d54                I2C2_EV_IRQHandler
                0x08006d54                DMA1_Stream2_IRQHandler
                0x08006d54                CAN1_RX0_IRQHandler
                0x08006d54                FPU_IRQHandler
                0x08006d54                OTG_HS_WKUP_IRQHandler
                0x08006d54                CAN2_SCE_IRQHandler
                0x08006d54                DMA2_Stream2_IRQHandler
                0x08006d54                SPI1_IRQHandler
                0x08006d54                TIM6_DAC_IRQHandler
                0x08006d54                TIM1_BRK_TIM9_IRQHandler
                0x08006d54                DCMI_IRQHandler
                0x08006d54                CAN2_RX0_IRQHandler
                0x08006d54                DMA2_Stream3_IRQHandler
                0x08006d54                USART6_IRQHandler
                0x08006d54                USART3_IRQHandler
                0x08006d54                CAN1_RX1_IRQHandler
                0x08006d54                UART5_IRQHandler
                0x08006d54                DMA2_Stream0_IRQHandler
                0x08006d54                TIM4_IRQHandler
                0x08006d54                I2C1_EV_IRQHandler
                0x08006d54                DMA1_Stream6_IRQHandler
                0x08006d54                UART4_IRQHandler
                0x08006d54                TIM3_IRQHandler
                0x08006d54                RCC_IRQHandler
                0x08006d54                TIM8_BRK_TIM12_IRQHandler
                0x08006d54                Default_Handler
                0x08006d54                ADC_IRQHandler
                0x08006d54                DMA1_Stream7_IRQHandler
                0x08006d54                TIM7_IRQHandler
                0x08006d54                CAN2_TX_IRQHandler
                0x08006d54                DMA2_Stream7_IRQHandler
                0x08006d54                I2C3_EV_IRQHandler
                0x08006d54                EXTI9_5_IRQHandler
                0x08006d54                RTC_WKUP_IRQHandler
                0x08006d54                ETH_WKUP_IRQHandler
                0x08006d54                SPI2_IRQHandler
                0x08006d54                OTG_HS_EP1_IN_IRQHandler
                0x08006d54                DMA1_Stream0_IRQHandler
                0x08006d54                CAN1_TX_IRQHandler
                0x08006d54                FSMC_IRQHandler
                0x08006d54                ETH_IRQHandler
                0x08006d54                OTG_HS_EP1_OUT_IRQHandler
                0x08006d54                WWDG_IRQHandler
                0x08006d54                TIM2_IRQHandler
                0x08006d54                OTG_FS_WKUP_IRQHandler
                0x08006d54                TIM1_TRG_COM_TIM11_IRQHandler
                0x08006d54                OTG_HS_IRQHandler
                0x08006d54                EXTI1_IRQHandler
                0x08006d54                USART2_IRQHandler
                0x08006d54                I2C2_ER_IRQHandler
                0x08006d54                DMA2_Stream1_IRQHandler
                0x08006d54                CAN1_SCE_IRQHandler
                0x08006d54                FLASH_IRQHandler
                0x08006d54                DMA2_Stream4_IRQHandler
                0x08006d54                USART1_IRQHandler
                0x08006d54                SPI3_IRQHandler
                0x08006d54                DMA1_Stream4_IRQHandler
                0x08006d54                I2C1_ER_IRQHandler
                0x08006d54                DMA2_Stream6_IRQHandler
                0x08006d54                DMA1_Stream3_IRQHandler
 *fill*         0x08006d56        0x2 
 .text.StartDefaultTask
                0x08006d58       0x1c Build/robo_tasks.o
                0x08006d58                StartDefaultTask
 .text.RobotThread
                0x08006d74       0x2a Build/robo_tasks.o
                0x08006d74                RobotThread
 .text.LoggingThread
                0x08006d9e        0xa Build/robo_tasks.o
                0x08006d9e                LoggingThread
 .text._ZN12Discrete_PIDD2Ev
                0x08006da8        0x2 Build/robo_init.o
                0x08006da8                Discrete_PID::~Discrete_PID()
                0x08006da8                Discrete_PID::~Discrete_PID()
 *fill*         0x08006daa        0x2 
 .text._ZN12Discrete_PID7computeEfm
                0x08006dac       0x94 Build/robo_init.o
                0x08006dac                Discrete_PID::compute(float, unsigned long)
 .text.__tcf_0  0x08006e40       0x18 Build/robo_init.o
 .text.__tcf_1  0x08006e58       0x20 Build/robo_init.o
 .text.__tcf_2  0x08006e78       0x18 Build/robo_init.o
 .text._Z41__static_initialization_and_destruction_0ii
                0x08006e90       0x8c Build/robo_init.o
 .text._ZN12Discrete_PIDD0Ev
                0x08006f1c        0xe Build/robo_init.o
                0x08006f1c                Discrete_PID::~Discrete_PID()
 .text._GLOBAL__sub_I_gWheels
                0x08006f2a        0xe Build/robo_init.o
 .text.HAL_TIM_PeriodElapsedCallback
                0x08006f38       0x18 Build/main.o
                0x08006f38                HAL_TIM_PeriodElapsedCallback
 .text._Error_Handler
                0x08006f50        0x2 Build/main.o
                0x08006f50                _Error_Handler
 *fill*         0x08006f52        0x2 
 .text.Error_Handler
                0x08006f54       0x10 Build/main.o
                0x08006f54                Error_Handler
 .text._Z18SystemClock_Configv
                0x08006f64       0xa8 Build/main.o
                0x08006f64                SystemClock_Config()
 .text.main     0x0800700c       0x4c Build/main.o
                0x0800700c                main
 .text.assert_failed
                0x08007058        0x2 Build/main.o
                0x08007058                assert_failed
 .text.__aeabi_atexit
                0x0800705a        0xa c:/program files (x86)/gnu tools arm embedded/7 2017-q4-major/bin/../lib/gcc/arm-none-eabi/7.2.1/../../../../arm-none-eabi/lib/thumb/v7e-m/fpv4-sp/hard\libstdc++_nano.a(atexit_arm.o)
                0x0800705a                __aeabi_atexit
 .text._ZdlPvj  0x08007064        0x4 c:/program files (x86)/gnu tools arm embedded/7 2017-q4-major/bin/../lib/gcc/arm-none-eabi/7.2.1/../../../../arm-none-eabi/lib/thumb/v7e-m/fpv4-sp/hard\libstdc++_nano.a(del_ops.o)
                0x08007064                operator delete(void*, unsigned int)
 .text._ZN10__cxxabiv120__si_class_type_infoD2Ev
                0x08007068       0x14 c:/program files (x86)/gnu tools arm embedded/7 2017-q4-major/bin/../lib/gcc/arm-none-eabi/7.2.1/../../../../arm-none-eabi/lib/thumb/v7e-m/fpv4-sp/hard\libstdc++_nano.a(si_class_type_info.o)
                0x08007068                __cxxabiv1::__si_class_type_info::~__si_class_type_info()
                0x08007068                __cxxabiv1::__si_class_type_info::~__si_class_type_info()
 .text._ZN10__cxxabiv120__si_class_type_infoD0Ev
                0x0800707c       0x14 c:/program files (x86)/gnu tools arm embedded/7 2017-q4-major/bin/../lib/gcc/arm-none-eabi/7.2.1/../../../../arm-none-eabi/lib/thumb/v7e-m/fpv4-sp/hard\libstdc++_nano.a(si_class_type_info.o)
                0x0800707c                __cxxabiv1::__si_class_type_info::~__si_class_type_info()
 .text._ZNK10__cxxabiv120__si_class_type_info20__do_find_public_srcEiPKvPKNS_17__class_type_infoES2_
                0x08007090       0x38 c:/program files (x86)/gnu tools arm embedded/7 2017-q4-major/bin/../lib/gcc/arm-none-eabi/7.2.1/../../../../arm-none-eabi/lib/thumb/v7e-m/fpv4-sp/hard\libstdc++_nano.a(si_class_type_info.o)
                0x08007090                __cxxabiv1::__si_class_type_info::__do_find_public_src(int, void const*, __cxxabiv1::__class_type_info const*, void const*) const
 .text._ZNK10__cxxabiv120__si_class_type_info12__do_dyncastEiNS_17__class_type_info10__sub_kindEPKS1_PKvS4_S6_RNS1_16__dyncast_resultE
                0x080070c8       0x74 c:/program files (x86)/gnu tools arm embedded/7 2017-q4-major/bin/../lib/gcc/arm-none-eabi/7.2.1/../../../../arm-none-eabi/lib/thumb/v7e-m/fpv4-sp/hard\libstdc++_nano.a(si_class_type_info.o)
                0x080070c8                __cxxabiv1::__si_class_type_info::__do_dyncast(int, __cxxabiv1::__class_type_info::__sub_kind, __cxxabiv1::__class_type_info const*, void const*, __cxxabiv1::__class_type_info const*, void const*, __cxxabiv1::__class_type_info::__dyncast_result&) const
 .text._ZNK10__cxxabiv120__si_class_type_info11__do_upcastEPKNS_17__class_type_infoEPKvRNS1_15__upcast_resultE
                0x0800713c       0x2a c:/program files (x86)/gnu tools arm embedded/7 2017-q4-major/bin/../lib/gcc/arm-none-eabi/7.2.1/../../../../arm-none-eabi/lib/thumb/v7e-m/fpv4-sp/hard\libstdc++_nano.a(si_class_type_info.o)
                0x0800713c                __cxxabiv1::__si_class_type_info::__do_upcast(__cxxabiv1::__class_type_info const*, void const*, __cxxabiv1::__class_type_info::__upcast_result&) const
 .text._ZNSt9type_infoD2Ev
                0x08007166        0x2 c:/program files (x86)/gnu tools arm embedded/7 2017-q4-major/bin/../lib/gcc/arm-none-eabi/7.2.1/../../../../arm-none-eabi/lib/thumb/v7e-m/fpv4-sp/hard\libstdc++_nano.a(tinfo.o)
                0x08007166                std::type_info::~type_info()
                0x08007166                std::type_info::~type_info()
 .text._ZNKSt9type_info14__is_pointer_pEv
                0x08007168        0x4 c:/program files (x86)/gnu tools arm embedded/7 2017-q4-major/bin/../lib/gcc/arm-none-eabi/7.2.1/../../../../arm-none-eabi/lib/thumb/v7e-m/fpv4-sp/hard\libstdc++_nano.a(tinfo.o)
                0x08007168                std::type_info::__is_pointer_p() const
                0x08007168                std::type_info::__is_function_p() const
 .text._ZNKSt9type_infoeqERKS_
                0x0800716c       0x2c c:/program files (x86)/gnu tools arm embedded/7 2017-q4-major/bin/../lib/gcc/arm-none-eabi/7.2.1/../../../../arm-none-eabi/lib/thumb/v7e-m/fpv4-sp/hard\libstdc++_nano.a(tinfo.o)
                0x0800716c                std::type_info::operator==(std::type_info const&) const
 .text._ZNK10__cxxabiv117__class_type_info11__do_upcastEPKS0_PPv
                0x08007198       0x34 c:/program files (x86)/gnu tools arm embedded/7 2017-q4-major/bin/../lib/gcc/arm-none-eabi/7.2.1/../../../../arm-none-eabi/lib/thumb/v7e-m/fpv4-sp/hard\libstdc++_nano.a(class_type_info.o)
                0x08007198                __cxxabiv1::__class_type_info::__do_upcast(__cxxabiv1::__class_type_info const*, void**) const
 .text._ZNK10__cxxabiv117__class_type_info20__do_find_public_srcEiPKvPKS0_S2_
                0x080071cc        0xc c:/program files (x86)/gnu tools arm embedded/7 2017-q4-major/bin/../lib/gcc/arm-none-eabi/7.2.1/../../../../arm-none-eabi/lib/thumb/v7e-m/fpv4-sp/hard\libstdc++_nano.a(class_type_info.o)
                0x080071cc                __cxxabiv1::__class_type_info::__do_find_public_src(int, void const*, __cxxabiv1::__class_type_info const*, void const*) const
 .text._ZN10__cxxabiv117__class_type_infoD2Ev
                0x080071d8       0x14 c:/program files (x86)/gnu tools arm embedded/7 2017-q4-major/bin/../lib/gcc/arm-none-eabi/7.2.1/../../../../arm-none-eabi/lib/thumb/v7e-m/fpv4-sp/hard\libstdc++_nano.a(class_type_info.o)
                0x080071d8                __cxxabiv1::__class_type_info::~__class_type_info()
                0x080071d8                __cxxabiv1::__class_type_info::~__class_type_info()
 .text._ZN10__cxxabiv117__class_type_infoD0Ev
                0x080071ec       0x14 c:/program files (x86)/gnu tools arm embedded/7 2017-q4-major/bin/../lib/gcc/arm-none-eabi/7.2.1/../../../../arm-none-eabi/lib/thumb/v7e-m/fpv4-sp/hard\libstdc++_nano.a(class_type_info.o)
                0x080071ec                __cxxabiv1::__class_type_info::~__class_type_info()
 .text._ZNK10__cxxabiv117__class_type_info12__do_dyncastEiNS0_10__sub_kindEPKS0_PKvS3_S5_RNS0_16__dyncast_resultE
                0x08007200       0x3a c:/program files (x86)/gnu tools arm embedded/7 2017-q4-major/bin/../lib/gcc/arm-none-eabi/7.2.1/../../../../arm-none-eabi/lib/thumb/v7e-m/fpv4-sp/hard\libstdc++_nano.a(class_type_info.o)
                0x08007200                __cxxabiv1::__class_type_info::__do_dyncast(int, __cxxabiv1::__class_type_info::__sub_kind, __cxxabiv1::__class_type_info const*, void const*, __cxxabiv1::__class_type_info const*, void const*, __cxxabiv1::__class_type_info::__dyncast_result&) const
 .text._ZNK10__cxxabiv117__class_type_info11__do_upcastEPKS0_PKvRNS0_15__upcast_resultE
                0x0800723a       0x18 c:/program files (x86)/gnu tools arm embedded/7 2017-q4-major/bin/../lib/gcc/arm-none-eabi/7.2.1/../../../../arm-none-eabi/lib/thumb/v7e-m/fpv4-sp/hard\libstdc++_nano.a(class_type_info.o)
                0x0800723a                __cxxabiv1::__class_type_info::__do_upcast(__cxxabiv1::__class_type_info const*, void const*, __cxxabiv1::__class_type_info::__upcast_result&) const
 .text._ZNK10__cxxabiv117__class_type_info10__do_catchEPKSt9type_infoPPvj
                0x08007252       0x2a c:/program files (x86)/gnu tools arm embedded/7 2017-q4-major/bin/../lib/gcc/arm-none-eabi/7.2.1/../../../../arm-none-eabi/lib/thumb/v7e-m/fpv4-sp/hard\libstdc++_nano.a(class_type_info.o)
                0x08007252                __cxxabiv1::__class_type_info::__do_catch(std::type_info const*, void**, unsigned int) const
 .text._ZdlPv   0x0800727c        0x4 c:/program files (x86)/gnu tools arm embedded/7 2017-q4-major/bin/../lib/gcc/arm-none-eabi/7.2.1/../../../../arm-none-eabi/lib/thumb/v7e-m/fpv4-sp/hard\libstdc++_nano.a(del_op.o)
                0x0800727c                operator delete(void*)
 .text.__cxa_atexit
                0x08007280       0x1c c:/program files (x86)/gnu tools arm embedded/7 2017-q4-major/bin/../lib/gcc/arm-none-eabi/7.2.1/../../../../arm-none-eabi/lib/thumb/v7e-m/fpv4-sp/hard\libc_nano.a(lib_a-cxa_atexit.o)
                0x08007280                __cxa_atexit
 .text.__libc_init_array
                0x0800729c       0x48 c:/program files (x86)/gnu tools arm embedded/7 2017-q4-major/bin/../lib/gcc/arm-none-eabi/7.2.1/../../../../arm-none-eabi/lib/thumb/v7e-m/fpv4-sp/hard\libc_nano.a(lib_a-init.o)
                0x0800729c                __libc_init_array
 .text.malloc   0x080072e4       0x10 c:/program files (x86)/gnu tools arm embedded/7 2017-q4-major/bin/../lib/gcc/arm-none-eabi/7.2.1/../../../../arm-none-eabi/lib/thumb/v7e-m/fpv4-sp/hard\libc_nano.a(lib_a-malloc.o)
                0x080072e4                malloc
 .text.free     0x080072f4       0x10 c:/program files (x86)/gnu tools arm embedded/7 2017-q4-major/bin/../lib/gcc/arm-none-eabi/7.2.1/../../../../arm-none-eabi/lib/thumb/v7e-m/fpv4-sp/hard\libc_nano.a(lib_a-malloc.o)
                0x080072f4                free
 .text.memset   0x08007304       0x10 c:/program files (x86)/gnu tools arm embedded/7 2017-q4-major/bin/../lib/gcc/arm-none-eabi/7.2.1/../../../../arm-none-eabi/lib/thumb/v7e-m/fpv4-sp/hard\libc_nano.a(lib_a-memset.o)
                0x08007304                memset
 .text._free_r  0x08007314       0x9c c:/program files (x86)/gnu tools arm embedded/7 2017-q4-major/bin/../lib/gcc/arm-none-eabi/7.2.1/../../../../arm-none-eabi/lib/thumb/v7e-m/fpv4-sp/hard\libc_nano.a(lib_a-nano-freer.o)
                0x08007314                _free_r
 .text._malloc_r
                0x080073b0       0xb4 c:/program files (x86)/gnu tools arm embedded/7 2017-q4-major/bin/../lib/gcc/arm-none-eabi/7.2.1/../../../../arm-none-eabi/lib/thumb/v7e-m/fpv4-sp/hard\libc_nano.a(lib_a-nano-mallocr.o)
                0x080073b0                _malloc_r
 .text._puts_r  0x08007464       0xb8 c:/program files (x86)/gnu tools arm embedded/7 2017-q4-major/bin/../lib/gcc/arm-none-eabi/7.2.1/../../../../arm-none-eabi/lib/thumb/v7e-m/fpv4-sp/hard\libc_nano.a(lib_a-puts.o)
                0x08007464                _puts_r
 .text.puts     0x0800751c       0x10 c:/program files (x86)/gnu tools arm embedded/7 2017-q4-major/bin/../lib/gcc/arm-none-eabi/7.2.1/../../../../arm-none-eabi/lib/thumb/v7e-m/fpv4-sp/hard\libc_nano.a(lib_a-puts.o)
                0x0800751c                puts
 .text._sbrk_r  0x0800752c       0x20 c:/program files (x86)/gnu tools arm embedded/7 2017-q4-major/bin/../lib/gcc/arm-none-eabi/7.2.1/../../../../arm-none-eabi/lib/thumb/v7e-m/fpv4-sp/hard\libc_nano.a(lib_a-sbrkr.o)
                0x0800752c                _sbrk_r
 .text.__swbuf_r
                0x0800754c       0xa4 c:/program files (x86)/gnu tools arm embedded/7 2017-q4-major/bin/../lib/gcc/arm-none-eabi/7.2.1/../../../../arm-none-eabi/lib/thumb/v7e-m/fpv4-sp/hard\libc_nano.a(lib_a-wbuf.o)
                0x0800754c                __swbuf_r
 .text.__swsetup_r
                0x080075f0       0xdc c:/program files (x86)/gnu tools arm embedded/7 2017-q4-major/bin/../lib/gcc/arm-none-eabi/7.2.1/../../../../arm-none-eabi/lib/thumb/v7e-m/fpv4-sp/hard\libc_nano.a(lib_a-wsetup.o)
                0x080075f0                __swsetup_r
 .text.__sflush_r
                0x080076cc      0x10c c:/program files (x86)/gnu tools arm embedded/7 2017-q4-major/bin/../lib/gcc/arm-none-eabi/7.2.1/../../../../arm-none-eabi/lib/thumb/v7e-m/fpv4-sp/hard\libc_nano.a(lib_a-fflush.o)
                0x080076cc                __sflush_r
 .text._fflush_r
                0x080077d8       0x54 c:/program files (x86)/gnu tools arm embedded/7 2017-q4-major/bin/../lib/gcc/arm-none-eabi/7.2.1/../../../../arm-none-eabi/lib/thumb/v7e-m/fpv4-sp/hard\libc_nano.a(lib_a-fflush.o)
                0x080077d8                _fflush_r
 .text.std      0x0800782c       0x48 c:/program files (x86)/gnu tools arm embedded/7 2017-q4-major/bin/../lib/gcc/arm-none-eabi/7.2.1/../../../../arm-none-eabi/lib/thumb/v7e-m/fpv4-sp/hard\libc_nano.a(lib_a-findfp.o)
 .text._cleanup_r
                0x08007874        0xc c:/program files (x86)/gnu tools arm embedded/7 2017-q4-major/bin/../lib/gcc/arm-none-eabi/7.2.1/../../../../arm-none-eabi/lib/thumb/v7e-m/fpv4-sp/hard\libc_nano.a(lib_a-findfp.o)
                0x08007874                _cleanup_r
 .text.__sfmoreglue
                0x08007880       0x2c c:/program files (x86)/gnu tools arm embedded/7 2017-q4-major/bin/../lib/gcc/arm-none-eabi/7.2.1/../../../../arm-none-eabi/lib/thumb/v7e-m/fpv4-sp/hard\libc_nano.a(lib_a-findfp.o)
                0x08007880                __sfmoreglue
 .text.__sinit  0x080078ac       0x60 c:/program files (x86)/gnu tools arm embedded/7 2017-q4-major/bin/../lib/gcc/arm-none-eabi/7.2.1/../../../../arm-none-eabi/lib/thumb/v7e-m/fpv4-sp/hard\libc_nano.a(lib_a-findfp.o)
                0x080078ac                __sinit
 .text.__sfp    0x0800790c       0x78 c:/program files (x86)/gnu tools arm embedded/7 2017-q4-major/bin/../lib/gcc/arm-none-eabi/7.2.1/../../../../arm-none-eabi/lib/thumb/v7e-m/fpv4-sp/hard\libc_nano.a(lib_a-findfp.o)
                0x0800790c                __sfp
 .text._fwalk_reent
                0x08007984       0x3c c:/program files (x86)/gnu tools arm embedded/7 2017-q4-major/bin/../lib/gcc/arm-none-eabi/7.2.1/../../../../arm-none-eabi/lib/thumb/v7e-m/fpv4-sp/hard\libc_nano.a(lib_a-fwalk.o)
                0x08007984                _fwalk_reent
 .text.__swhatbuf_r
                0x080079c0       0x48 c:/program files (x86)/gnu tools arm embedded/7 2017-q4-major/bin/../lib/gcc/arm-none-eabi/7.2.1/../../../../arm-none-eabi/lib/thumb/v7e-m/fpv4-sp/hard\libc_nano.a(lib_a-makebuf.o)
                0x080079c0                __swhatbuf_r
 .text.__smakebuf_r
                0x08007a08       0x80 c:/program files (x86)/gnu tools arm embedded/7 2017-q4-major/bin/../lib/gcc/arm-none-eabi/7.2.1/../../../../arm-none-eabi/lib/thumb/v7e-m/fpv4-sp/hard\libc_nano.a(lib_a-makebuf.o)
                0x08007a08                __smakebuf_r
 .text.__malloc_lock
                0x08007a88        0x2 c:/program files (x86)/gnu tools arm embedded/7 2017-q4-major/bin/../lib/gcc/arm-none-eabi/7.2.1/../../../../arm-none-eabi/lib/thumb/v7e-m/fpv4-sp/hard\libc_nano.a(lib_a-mlock.o)
                0x08007a88                __malloc_lock
 .text.__malloc_unlock
                0x08007a8a        0x2 c:/program files (x86)/gnu tools arm embedded/7 2017-q4-major/bin/../lib/gcc/arm-none-eabi/7.2.1/../../../../arm-none-eabi/lib/thumb/v7e-m/fpv4-sp/hard\libc_nano.a(lib_a-mlock.o)
                0x08007a8a                __malloc_unlock
 .text.__sread  0x08007a8c       0x22 c:/program files (x86)/gnu tools arm embedded/7 2017-q4-major/bin/../lib/gcc/arm-none-eabi/7.2.1/../../../../arm-none-eabi/lib/thumb/v7e-m/fpv4-sp/hard\libc_nano.a(lib_a-stdio.o)
                0x08007a8c                __sread
 .text.__swrite
                0x08007aae       0x38 c:/program files (x86)/gnu tools arm embedded/7 2017-q4-major/bin/../lib/gcc/arm-none-eabi/7.2.1/../../../../arm-none-eabi/lib/thumb/v7e-m/fpv4-sp/hard\libc_nano.a(lib_a-stdio.o)
                0x08007aae                __swrite
 .text.__sseek  0x08007ae6       0x24 c:/program files (x86)/gnu tools arm embedded/7 2017-q4-major/bin/../lib/gcc/arm-none-eabi/7.2.1/../../../../arm-none-eabi/lib/thumb/v7e-m/fpv4-sp/hard\libc_nano.a(lib_a-stdio.o)
                0x08007ae6                __sseek
 .text.__sclose
                0x08007b0a        0x8 c:/program files (x86)/gnu tools arm embedded/7 2017-q4-major/bin/../lib/gcc/arm-none-eabi/7.2.1/../../../../arm-none-eabi/lib/thumb/v7e-m/fpv4-sp/hard\libc_nano.a(lib_a-stdio.o)
                0x08007b0a                __sclose
 *fill*         0x08007b12        0x2 
 .text._write_r
                0x08007b14       0x24 c:/program files (x86)/gnu tools arm embedded/7 2017-q4-major/bin/../lib/gcc/arm-none-eabi/7.2.1/../../../../arm-none-eabi/lib/thumb/v7e-m/fpv4-sp/hard\libc_nano.a(lib_a-writer.o)
                0x08007b14                _write_r
 .text._close_r
                0x08007b38       0x20 c:/program files (x86)/gnu tools arm embedded/7 2017-q4-major/bin/../lib/gcc/arm-none-eabi/7.2.1/../../../../arm-none-eabi/lib/thumb/v7e-m/fpv4-sp/hard\libc_nano.a(lib_a-closer.o)
                0x08007b38                _close_r
 .text._fstat_r
                0x08007b58       0x24 c:/program files (x86)/gnu tools arm embedded/7 2017-q4-major/bin/../lib/gcc/arm-none-eabi/7.2.1/../../../../arm-none-eabi/lib/thumb/v7e-m/fpv4-sp/hard\libc_nano.a(lib_a-fstatr.o)
                0x08007b58                _fstat_r
 .text._isatty_r
                0x08007b7c       0x20 c:/program files (x86)/gnu tools arm embedded/7 2017-q4-major/bin/../lib/gcc/arm-none-eabi/7.2.1/../../../../arm-none-eabi/lib/thumb/v7e-m/fpv4-sp/hard\libc_nano.a(lib_a-isattyr.o)
                0x08007b7c                _isatty_r
 .text._lseek_r
                0x08007b9c       0x24 c:/program files (x86)/gnu tools arm embedded/7 2017-q4-major/bin/../lib/gcc/arm-none-eabi/7.2.1/../../../../arm-none-eabi/lib/thumb/v7e-m/fpv4-sp/hard\libc_nano.a(lib_a-lseekr.o)
                0x08007b9c                _lseek_r
 .text._read_r  0x08007bc0       0x24 c:/program files (x86)/gnu tools arm embedded/7 2017-q4-major/bin/../lib/gcc/arm-none-eabi/7.2.1/../../../../arm-none-eabi/lib/thumb/v7e-m/fpv4-sp/hard\libc_nano.a(lib_a-readr.o)
                0x08007bc0                _read_r
 .text._close   0x08007be4       0x10 c:/program files (x86)/gnu tools arm embedded/7 2017-q4-major/bin/../lib/gcc/arm-none-eabi/7.2.1/../../../../arm-none-eabi/lib/thumb/v7e-m/fpv4-sp/hard\libnosys.a(close.o)
                0x08007be4                _close
 .text._fstat   0x08007bf4       0x10 c:/program files (x86)/gnu tools arm embedded/7 2017-q4-major/bin/../lib/gcc/arm-none-eabi/7.2.1/../../../../arm-none-eabi/lib/thumb/v7e-m/fpv4-sp/hard\libnosys.a(fstat.o)
                0x08007bf4                _fstat
 .text._isatty  0x08007c04       0x10 c:/program files (x86)/gnu tools arm embedded/7 2017-q4-major/bin/../lib/gcc/arm-none-eabi/7.2.1/../../../../arm-none-eabi/lib/thumb/v7e-m/fpv4-sp/hard\libnosys.a(isatty.o)
                0x08007c04                _isatty
 .text._lseek   0x08007c14       0x10 c:/program files (x86)/gnu tools arm embedded/7 2017-q4-major/bin/../lib/gcc/arm-none-eabi/7.2.1/../../../../arm-none-eabi/lib/thumb/v7e-m/fpv4-sp/hard\libnosys.a(lseek.o)
                0x08007c14                _lseek
 .text._read    0x08007c24       0x10 c:/program files (x86)/gnu tools arm embedded/7 2017-q4-major/bin/../lib/gcc/arm-none-eabi/7.2.1/../../../../arm-none-eabi/lib/thumb/v7e-m/fpv4-sp/hard\libnosys.a(read.o)
                0x08007c24                _read
 .text._sbrk    0x08007c34       0x1c c:/program files (x86)/gnu tools arm embedded/7 2017-q4-major/bin/../lib/gcc/arm-none-eabi/7.2.1/../../../../arm-none-eabi/lib/thumb/v7e-m/fpv4-sp/hard\libnosys.a(sbrk.o)
                0x08007c34                _sbrk
 *(.glue_7)
 .glue_7        0x08007c50        0x0 linker stubs
 *(.glue_7t)
 .glue_7t       0x08007c50        0x0 linker stubs
 *(.eh_frame)
 .eh_frame      0x08007c50        0x0 c:/program files (x86)/gnu tools arm embedded/7 2017-q4-major/bin/../lib/gcc/arm-none-eabi/7.2.1/thumb/v7e-m/fpv4-sp/hard/crtbegin.o
 *(.init)
 .init          0x08007c50        0x4 c:/program files (x86)/gnu tools arm embedded/7 2017-q4-major/bin/../lib/gcc/arm-none-eabi/7.2.1/thumb/v7e-m/fpv4-sp/hard/crti.o
                0x08007c50                _init
 .init          0x08007c54        0x8 c:/program files (x86)/gnu tools arm embedded/7 2017-q4-major/bin/../lib/gcc/arm-none-eabi/7.2.1/thumb/v7e-m/fpv4-sp/hard/crtn.o
 *(.fini)
 .fini          0x08007c5c        0x4 c:/program files (x86)/gnu tools arm embedded/7 2017-q4-major/bin/../lib/gcc/arm-none-eabi/7.2.1/thumb/v7e-m/fpv4-sp/hard/crti.o
                0x08007c5c                _fini
 .fini          0x08007c60        0x8 c:/program files (x86)/gnu tools arm embedded/7 2017-q4-major/bin/../lib/gcc/arm-none-eabi/7.2.1/thumb/v7e-m/fpv4-sp/hard/crtn.o
                0x08007c68                . = ALIGN (0x4)
                0x08007c68                _etext = .

.vfp11_veneer   0x08007c68        0x0
 .vfp11_veneer  0x08007c68        0x0 linker stubs

.v4_bx          0x08007c68        0x0
 .v4_bx         0x08007c68        0x0 linker stubs

.iplt           0x08007c68        0x0
 .iplt          0x08007c68        0x0 c:/program files (x86)/gnu tools arm embedded/7 2017-q4-major/bin/../lib/gcc/arm-none-eabi/7.2.1/thumb/v7e-m/fpv4-sp/hard/crtbegin.o

.rodata         0x08007c68      0x7a0
                0x08007c68                . = ALIGN (0x4)
 *(.rodata)
 .rodata        0x08007c68       0x54 Build/freertos.o
 *(.rodata*)
 .rodata.str1.4
                0x08007cbc       0x24 Build/freertos.o
 .rodata.USBD_FS_ConfigStrDescriptor.str1.4
                0x08007ce0        0xb Build/usbd_desc.o
 *fill*         0x08007ceb        0x1 
 .rodata.USBD_FS_InterfaceStrDescriptor.str1.4
                0x08007cec        0xe Build/usbd_desc.o
 *fill*         0x08007cfa        0x2 
 .rodata.USBD_FS_ManufacturerStrDescriptor.str1.4
                0x08007cfc       0x13 Build/usbd_desc.o
 *fill*         0x08007d0f        0x1 
 .rodata.USBD_FS_ProductStrDescriptor.str1.4
                0x08007d10       0x16 Build/usbd_desc.o
 *fill*         0x08007d26        0x2 
 .rodata.USBD_FS_SerialStrDescriptor.str1.4
                0x08007d28        0xd Build/usbd_desc.o
 *fill*         0x08007d35        0x3 
 .rodata.HAL_PCD_Init.str1.4
                0x08007d38       0x71 Build/stm32f4xx_hal_pcd.o
 *fill*         0x08007da9        0x3 
 .rodata.ADC_Init.str1.4
                0x08007dac       0x71 Build/stm32f4xx_hal_adc.o
 *fill*         0x08007e1d        0x3 
 .rodata.HAL_I2C_Init.str1.4
                0x08007e20       0x71 Build/stm32f4xx_hal_i2c.o
 *fill*         0x08007e91        0x3 
 .rodata.HAL_SPI_Init.str1.4
                0x08007e94       0x71 Build/stm32f4xx_hal_spi.o
 *fill*         0x08007f05        0x3 
 .rodata.TIM_OC3_SetConfig.str1.4
                0x08007f08       0x71 Build/stm32f4xx_hal_tim.o
 *fill*         0x08007f79        0x3 
 .rodata.TIM_CCxNChannelCmd.str1.4
                0x08007f7c       0x74 Build/stm32f4xx_hal_tim_ex.o
 .rodata.UART_SetConfig.str1.4
                0x08007ff0       0x72 Build/stm32f4xx_hal_uart.o
 *fill*         0x08008062        0x2 
 .rodata.HAL_RCC_OscConfig.str1.4
                0x08008064       0x71 Build/stm32f4xx_hal_rcc.o
 *fill*         0x080080d5        0x3 
 .rodata.HAL_GPIO_Init.str1.4
                0x080080d8       0x72 Build/stm32f4xx_hal_gpio.o
 *fill*         0x0800814a        0x2 
 .rodata.HAL_DMA_Init.str1.4
                0x0800814c       0x71 Build/stm32f4xx_hal_dma.o
 *fill*         0x080081bd        0x3 
 .rodata.flagBitshiftOffset.9805
                0x080081c0        0x8 Build/stm32f4xx_hal_dma.o
 .rodata.HAL_NVIC_SetPriorityGrouping.str1.4
                0x080081c8       0x74 Build/stm32f4xx_hal_cortex.o
 .rodata.AHBPrescTable
                0x0800823c       0x10 Build/system_stm32f4xx.o
                0x0800823c                AHBPrescTable
 .rodata.APBPrescTable
                0x0800824c        0x8 Build/system_stm32f4xx.o
                0x0800824c                APBPrescTable
 .rodata.vTaskStartScheduler.str1.4
                0x08008254        0x5 Build/tasks.o
 *fill*         0x08008259        0x3 
 .rodata.StartDefaultTask.str1.4
                0x0800825c       0x18 Build/robo_tasks.o
 .rodata._ZTS13PID_Algorithm
                0x08008274       0x10 Build/robo_init.o
                0x08008274                typeinfo name for PID_Algorithm
 .rodata._ZTI13PID_Algorithm
                0x08008284        0x8 Build/robo_init.o
                0x08008284                typeinfo for PID_Algorithm
 .rodata._ZTS12Discrete_PID
                0x0800828c        0xf Build/robo_init.o
                0x0800828c                typeinfo name for Discrete_PID
 *fill*         0x0800829b        0x1 
 .rodata._ZTI12Discrete_PID
                0x0800829c        0xc Build/robo_init.o
                0x0800829c                typeinfo for Discrete_PID
 .rodata._ZTV12Discrete_PID
                0x080082a8       0x14 Build/robo_init.o
                0x080082a8                vtable for Discrete_PID
 .rodata.Error_Handler.str1.4
                0x080082bc       0x14 Build/main.o
                                 0x12 (size before relaxing)
 .rodata._ZTIN10__cxxabiv120__si_class_type_infoE
                0x080082d0        0xc c:/program files (x86)/gnu tools arm embedded/7 2017-q4-major/bin/../lib/gcc/arm-none-eabi/7.2.1/../../../../arm-none-eabi/lib/thumb/v7e-m/fpv4-sp/hard\libstdc++_nano.a(si_class_type_info.o)
                0x080082d0                typeinfo for __cxxabiv1::__si_class_type_info
 .rodata._ZTSN10__cxxabiv120__si_class_type_infoE
                0x080082dc       0x25 c:/program files (x86)/gnu tools arm embedded/7 2017-q4-major/bin/../lib/gcc/arm-none-eabi/7.2.1/../../../../arm-none-eabi/lib/thumb/v7e-m/fpv4-sp/hard\libstdc++_nano.a(si_class_type_info.o)
                0x080082dc                typeinfo name for __cxxabiv1::__si_class_type_info
 *fill*         0x08008301        0x3 
 .rodata._ZTVN10__cxxabiv120__si_class_type_infoE
                0x08008304       0x2c c:/program files (x86)/gnu tools arm embedded/7 2017-q4-major/bin/../lib/gcc/arm-none-eabi/7.2.1/../../../../arm-none-eabi/lib/thumb/v7e-m/fpv4-sp/hard\libstdc++_nano.a(si_class_type_info.o)
                0x08008304                vtable for __cxxabiv1::__si_class_type_info
 .rodata._ZTISt9type_info
                0x08008330        0x8 c:/program files (x86)/gnu tools arm embedded/7 2017-q4-major/bin/../lib/gcc/arm-none-eabi/7.2.1/../../../../arm-none-eabi/lib/thumb/v7e-m/fpv4-sp/hard\libstdc++_nano.a(tinfo.o)
                0x08008330                typeinfo for std::type_info
 .rodata._ZTSSt9type_info
                0x08008338        0xd c:/program files (x86)/gnu tools arm embedded/7 2017-q4-major/bin/../lib/gcc/arm-none-eabi/7.2.1/../../../../arm-none-eabi/lib/thumb/v7e-m/fpv4-sp/hard\libstdc++_nano.a(tinfo.o)
                0x08008338                typeinfo name for std::type_info
 *fill*         0x08008345        0x3 
 .rodata._ZTIN10__cxxabiv117__class_type_infoE
                0x08008348        0xc c:/program files (x86)/gnu tools arm embedded/7 2017-q4-major/bin/../lib/gcc/arm-none-eabi/7.2.1/../../../../arm-none-eabi/lib/thumb/v7e-m/fpv4-sp/hard\libstdc++_nano.a(class_type_info.o)
                0x08008348                typeinfo for __cxxabiv1::__class_type_info
 .rodata._ZTSN10__cxxabiv117__class_type_infoE
                0x08008354       0x22 c:/program files (x86)/gnu tools arm embedded/7 2017-q4-major/bin/../lib/gcc/arm-none-eabi/7.2.1/../../../../arm-none-eabi/lib/thumb/v7e-m/fpv4-sp/hard\libstdc++_nano.a(class_type_info.o)
                0x08008354                typeinfo name for __cxxabiv1::__class_type_info
 *fill*         0x08008376        0x2 
 .rodata._ZTVN10__cxxabiv117__class_type_infoE
                0x08008378       0x2c c:/program files (x86)/gnu tools arm embedded/7 2017-q4-major/bin/../lib/gcc/arm-none-eabi/7.2.1/../../../../arm-none-eabi/lib/thumb/v7e-m/fpv4-sp/hard\libstdc++_nano.a(class_type_info.o)
                0x08008378                vtable for __cxxabiv1::__class_type_info
 .rodata._global_impure_ptr
                0x080083a4        0x4 c:/program files (x86)/gnu tools arm embedded/7 2017-q4-major/bin/../lib/gcc/arm-none-eabi/7.2.1/../../../../arm-none-eabi/lib/thumb/v7e-m/fpv4-sp/hard\libc_nano.a(lib_a-impure.o)
                0x080083a4                _global_impure_ptr
 .rodata.__sf_fake_stderr
                0x080083a8       0x20 c:/program files (x86)/gnu tools arm embedded/7 2017-q4-major/bin/../lib/gcc/arm-none-eabi/7.2.1/../../../../arm-none-eabi/lib/thumb/v7e-m/fpv4-sp/hard\libc_nano.a(lib_a-findfp.o)
                0x080083a8                __sf_fake_stderr
 .rodata.__sf_fake_stdin
                0x080083c8       0x20 c:/program files (x86)/gnu tools arm embedded/7 2017-q4-major/bin/../lib/gcc/arm-none-eabi/7.2.1/../../../../arm-none-eabi/lib/thumb/v7e-m/fpv4-sp/hard\libc_nano.a(lib_a-findfp.o)
                0x080083c8                __sf_fake_stdin
 .rodata.__sf_fake_stdout
                0x080083e8       0x20 c:/program files (x86)/gnu tools arm embedded/7 2017-q4-major/bin/../lib/gcc/arm-none-eabi/7.2.1/../../../../arm-none-eabi/lib/thumb/v7e-m/fpv4-sp/hard\libc_nano.a(lib_a-findfp.o)
                0x080083e8                __sf_fake_stdout
                0x08008408                . = ALIGN (0x4)

.ARM.extab
 *(.ARM.extab* .gnu.linkonce.armextab.*)

.ARM            0x08008408        0x8
                0x08008408                __exidx_start = .
 *(.ARM.exidx*)
 .ARM.exidx     0x08008408        0x8 c:/program files (x86)/gnu tools arm embedded/7 2017-q4-major/bin/../lib/gcc/arm-none-eabi/7.2.1/thumb/v7e-m/fpv4-sp/hard\libgcc.a(_udivmoddi4.o)
                0x08008410                __exidx_end = .

.rel.dyn        0x08008410        0x0
 .rel.iplt      0x08008410        0x0 c:/program files (x86)/gnu tools arm embedded/7 2017-q4-major/bin/../lib/gcc/arm-none-eabi/7.2.1/thumb/v7e-m/fpv4-sp/hard/crtbegin.o

.preinit_array  0x08008410        0x0
                0x08008410                PROVIDE (__preinit_array_start, .)
 *(.preinit_array*)
                0x08008410                PROVIDE (__preinit_array_end, .)

.init_array     0x08008410        0x8
                0x08008410                PROVIDE (__init_array_start, .)
 *(SORT_BY_NAME(.init_array.*))
 *(.init_array*)
 .init_array    0x08008410        0x4 c:/program files (x86)/gnu tools arm embedded/7 2017-q4-major/bin/../lib/gcc/arm-none-eabi/7.2.1/thumb/v7e-m/fpv4-sp/hard/crtbegin.o
 .init_array    0x08008414        0x4 Build/robo_init.o
                0x08008418                PROVIDE (__init_array_end, .)

.fini_array     0x08008418        0x4
                [!provide]                PROVIDE (__fini_array_start, .)
 *(SORT_BY_NAME(.fini_array.*))
 *(.fini_array*)
 .fini_array    0x08008418        0x4 c:/program files (x86)/gnu tools arm embedded/7 2017-q4-major/bin/../lib/gcc/arm-none-eabi/7.2.1/thumb/v7e-m/fpv4-sp/hard/crtbegin.o
                [!provide]                PROVIDE (__fini_array_end, .)
                0x0800841c                _sidata = LOADADDR (.data)

.data           0x20000000      0x1c8 load address 0x0800841c
                0x20000000                . = ALIGN (0x4)
                0x20000000                _sdata = .
 *(.data)
 .data          0x20000000        0x4 c:/program files (x86)/gnu tools arm embedded/7 2017-q4-major/bin/../lib/gcc/arm-none-eabi/7.2.1/thumb/v7e-m/fpv4-sp/hard/crtbegin.o
                0x20000000                __dso_handle
 *(.data*)
 .data.FS_Desc  0x20000004       0x1c Build/usbd_desc.o
                0x20000004                FS_Desc
 .data.USBD_FS_DeviceDesc
                0x20000020       0x12 Build/usbd_desc.o
                0x20000020                USBD_FS_DeviceDesc
 *fill*         0x20000032        0x2 
 .data.USBD_LangIDDesc
                0x20000034        0x4 Build/usbd_desc.o
                0x20000034                USBD_LangIDDesc
 .data.USBD_Interface_fops_FS
                0x20000038       0x10 Build/usbd_cdc_if.o
                0x20000038                USBD_Interface_fops_FS
 .data.uwTickFreq
                0x20000048        0x1 Build/stm32f4xx_hal.o
                0x20000048                uwTickFreq
 *fill*         0x20000049        0x3 
 .data.SystemCoreClock
                0x2000004c        0x4 Build/system_stm32f4xx.o
                0x2000004c                SystemCoreClock
 .data.uxCriticalNesting
                0x20000050        0x4 Build/port.o
 .data.USBD_CDC
                0x20000054       0x38 Build/usbd_cdc.o
                0x20000054                USBD_CDC
 .data.USBD_CDC_CfgFSDesc
                0x2000008c       0x43 Build/usbd_cdc.o
                0x2000008c                USBD_CDC_CfgFSDesc
 *fill*         0x200000cf        0x1 
 .data.USBD_CDC_CfgHSDesc
                0x200000d0       0x43 Build/usbd_cdc.o
                0x200000d0                USBD_CDC_CfgHSDesc
 *fill*         0x20000113        0x1 
 .data.USBD_CDC_DeviceQualifierDesc
                0x20000114        0xa Build/usbd_cdc.o
 *fill*         0x2000011e        0x2 
 .data.USBD_CDC_OtherSpeedCfgDesc
                0x20000120       0x43 Build/usbd_cdc.o
                0x20000120                USBD_CDC_OtherSpeedCfgDesc
 *fill*         0x20000163        0x1 
 .data._impure_ptr
                0x20000164        0x4 c:/program files (x86)/gnu tools arm embedded/7 2017-q4-major/bin/../lib/gcc/arm-none-eabi/7.2.1/../../../../arm-none-eabi/lib/thumb/v7e-m/fpv4-sp/hard\libc_nano.a(lib_a-impure.o)
                0x20000164                _impure_ptr
 .data.impure_data
                0x20000168       0x60 c:/program files (x86)/gnu tools arm embedded/7 2017-q4-major/bin/../lib/gcc/arm-none-eabi/7.2.1/../../../../arm-none-eabi/lib/thumb/v7e-m/fpv4-sp/hard\libc_nano.a(lib_a-impure.o)
                0x200001c8                . = ALIGN (0x4)
                0x200001c8                _edata = .
                0x080085e4                _siccmram = LOADADDR (.ccmram)

.igot.plt       0x200001c8        0x0 load address 0x080085e4
 .igot.plt      0x200001c8        0x0 c:/program files (x86)/gnu tools arm embedded/7 2017-q4-major/bin/../lib/gcc/arm-none-eabi/7.2.1/thumb/v7e-m/fpv4-sp/hard/crtbegin.o

.ccmram         0x10000000        0x0 load address 0x080085e4
                0x10000000                . = ALIGN (0x4)
                0x10000000                _sccmram = .
 *(.ccmram)
 *(.ccmram*)
                0x10000000                . = ALIGN (0x4)
                0x10000000                _eccmram = .
                0x10000000                . = ALIGN (0x4)

.bss            0x200001c8     0x4778
                0x200001c8                _sbss = .
                0x200001c8                __bss_start__ = _sbss
 *(.bss)
 .bss           0x200001c8       0x1c c:/program files (x86)/gnu tools arm embedded/7 2017-q4-major/bin/../lib/gcc/arm-none-eabi/7.2.1/thumb/v7e-m/fpv4-sp/hard/crtbegin.o
 *(.bss*)
 .bss.xIdleStack
                0x200001e4      0x400 Build/freertos.o
 .bss.xIdleTaskTCBBuffer
                0x200005e4       0x54 Build/freertos.o
 .bss.pxCurrentTCB
                0x20000638        0x4 Build/tasks.o
                0x20000638                pxCurrentTCB
 .bss.pxDelayedTaskList
                0x2000063c        0x4 Build/tasks.o
 .bss.pxOverflowDelayedTaskList
                0x20000640        0x4 Build/tasks.o
 .bss.pxReadyTasksLists
                0x20000644       0x8c Build/tasks.o
 .bss.uxCurrentNumberOfTasks
                0x200006d0        0x4 Build/tasks.o
 .bss.uxDeletedTasksWaitingCleanUp
                0x200006d4        0x4 Build/tasks.o
 .bss.uxPendedTicks
                0x200006d8        0x4 Build/tasks.o
 .bss.uxSchedulerSuspended
                0x200006dc        0x4 Build/tasks.o
 .bss.uxTaskNumber
                0x200006e0        0x4 Build/tasks.o
 .bss.uxTopReadyPriority
                0x200006e4        0x4 Build/tasks.o
 .bss.xDelayedTaskList1
                0x200006e8       0x14 Build/tasks.o
 .bss.xDelayedTaskList2
                0x200006fc       0x14 Build/tasks.o
 .bss.xNextTaskUnblockTime
                0x20000710        0x4 Build/tasks.o
 .bss.xNumOfOverflows
                0x20000714        0x4 Build/tasks.o
 .bss.xPendingReadyList
                0x20000718       0x14 Build/tasks.o
 .bss.xSchedulerRunning
                0x2000072c        0x4 Build/tasks.o
 .bss.xSuspendedTaskList
                0x20000730       0x14 Build/tasks.o
 .bss.xTasksWaitingTermination
                0x20000744       0x14 Build/tasks.o
 .bss.xTickCount
                0x20000758        0x4 Build/tasks.o
 .bss.xYieldPending
                0x2000075c        0x4 Build/tasks.o
 .bss.ucMaxSysCallPriority
                0x20000760        0x1 Build/port.o
 *fill*         0x20000761        0x3 
 .bss.ulMaxPRIGROUPValue
                0x20000764        0x4 Build/port.o
 .bss.cfgidx.10653
                0x20000768        0x1 Build/usbd_ctlreq.o
 .bss.ifalt.10648
                0x20000769        0x1 Build/usbd_cdc.o
 *fill*         0x2000076a        0x2 
 .bss._ZL4gPID  0x2000076c       0x10 Build/robo_init.o
 .bss._ZL9gDisc_PID
                0x2000077c       0x90 Build/robo_init.o
 .bss.gWheels   0x2000080c       0x30 Build/robo_init.o
                0x2000080c                gWheels
 .bss.__malloc_free_list
                0x2000083c        0x4 c:/program files (x86)/gnu tools arm embedded/7 2017-q4-major/bin/../lib/gcc/arm-none-eabi/7.2.1/../../../../arm-none-eabi/lib/thumb/v7e-m/fpv4-sp/hard\libc_nano.a(lib_a-nano-mallocr.o)
                0x2000083c                __malloc_free_list
 .bss.__malloc_sbrk_start
                0x20000840        0x4 c:/program files (x86)/gnu tools arm embedded/7 2017-q4-major/bin/../lib/gcc/arm-none-eabi/7.2.1/../../../../arm-none-eabi/lib/thumb/v7e-m/fpv4-sp/hard\libc_nano.a(lib_a-nano-mallocr.o)
                0x20000840                __malloc_sbrk_start
 .bss.heap_end.5377
                0x20000844        0x4 c:/program files (x86)/gnu tools arm embedded/7 2017-q4-major/bin/../lib/gcc/arm-none-eabi/7.2.1/../../../../arm-none-eabi/lib/thumb/v7e-m/fpv4-sp/hard\libnosys.a(sbrk.o)
 *(COMMON)
 COMMON         0x20000848       0x48 Build/adc.o
                0x20000848                hadc1
 COMMON         0x20000890       0x54 Build/i2c.o
                0x20000890                hi2c1
 COMMON         0x200008e4       0xb0 Build/spi.o
                0x200008e4                hspi2
                0x2000093c                hspi1
 COMMON         0x20000994      0x12c Build/tim.o
                0x20000994                htim8
                0x200009d0                htim4
                0x20000a0c                htim3
                0x20000a48                htim1
                0x20000a84                htim2
 COMMON         0x20000ac0      0x120 Build/usart.o
                0x20000ac0                hdma_usart3_rx
                0x20000b20                huart3
                0x20000b60                huart4
                0x20000ba0                huart2
 COMMON         0x20000be0     0x2508 Build/freertos.o
                0x20000be0                defaultTaskHandle
                0x20000be4                RoboSequenceBuffer
                0x20001be4                RoboSequenceControlBlock
                0x20001c38                RoboSequenceHandle
                0x20001c3c                loggingHandle
                0x20001c40                defaultTaskBuffer
                0x20002040                loggingBuffer
                0x20003040                defaultTaskControlBlock
                0x20003094                loggingControlBlock
 COMMON         0x200030e8       0x3c Build/stm32f4xx_hal_timebase_tim.o
                0x200030e8                htim5
 COMMON         0x20003124      0x224 Build/usb_device.o
                0x20003124                hUsbDeviceFS
 COMMON         0x20003348      0x200 Build/usbd_desc.o
                0x20003348                USBD_StrDesc
 COMMON         0x20003548     0x1000 Build/usbd_cdc_if.o
                0x20003548                UserRxBufferFS
                0x20003d48                UserTxBufferFS
 COMMON         0x20004548      0x3f0 Build/usbd_conf.o
                0x20004548                hpcd_USB_OTG_FS
 COMMON         0x20004938        0x4 Build/stm32f4xx_hal.o
                0x20004938                uwTick
 COMMON         0x2000493c        0x4 c:/program files (x86)/gnu tools arm embedded/7 2017-q4-major/bin/../lib/gcc/arm-none-eabi/7.2.1/../../../../arm-none-eabi/lib/thumb/v7e-m/fpv4-sp/hard\libc_nano.a(lib_a-reent.o)
                0x2000493c                errno
                0x20004940                . = ALIGN (0x4)
                0x20004940                _ebss = .
                0x20004940                __bss_end__ = _ebss

._user_heap_stack
                0x20004940     0x6000
                0x20004940                . = ALIGN (0x8)
                0x20004940                PROVIDE (end, .)
                [!provide]                PROVIDE (_end, .)
                0x20006940                . = (. + _Min_Heap_Size)
 *fill*         0x20004940     0x2000 
                0x2000a940                . = (. + _Min_Stack_Size)
 *fill*         0x20006940     0x4000 
                0x2000a940                . = ALIGN (0x8)

/DISCARD/
 libc.a(*)
 libm.a(*)
 libgcc.a(*)

.ARM.attributes
                0x00000000       0x30
 *(.ARM.attributes)
 .ARM.attributes
                0x00000000       0x22 c:/program files (x86)/gnu tools arm embedded/7 2017-q4-major/bin/../lib/gcc/arm-none-eabi/7.2.1/thumb/v7e-m/fpv4-sp/hard/crti.o
 .ARM.attributes
                0x00000022       0x34 c:/program files (x86)/gnu tools arm embedded/7 2017-q4-major/bin/../lib/gcc/arm-none-eabi/7.2.1/thumb/v7e-m/fpv4-sp/hard/crtbegin.o
 .ARM.attributes
                0x00000056       0x39 Build/gpio.o
 .ARM.attributes
                0x0000008f       0x39 Build/adc.o
 .ARM.attributes
                0x000000c8       0x39 Build/dma.o
 .ARM.attributes
                0x00000101       0x39 Build/i2c.o
 .ARM.attributes
                0x0000013a       0x39 Build/spi.o
 .ARM.attributes
                0x00000173       0x39 Build/tim.o
 .ARM.attributes
                0x000001ac       0x39 Build/usart.o
 .ARM.attributes
                0x000001e5       0x39 Build/freertos.o
 .ARM.attributes
                0x0000021e       0x39 Build/printf_config.o
 .ARM.attributes
                0x00000257       0x39 Build/stm32f4xx_it.o
 .ARM.attributes
                0x00000290       0x39 Build/stm32f4xx_hal_msp.o
 .ARM.attributes
                0x000002c9       0x39 Build/stm32f4xx_hal_timebase_tim.o
 .ARM.attributes
                0x00000302       0x39 Build/usb_device.o
 .ARM.attributes
                0x0000033b       0x39 Build/usbd_desc.o
 .ARM.attributes
                0x00000374       0x39 Build/usbd_cdc_if.o
 .ARM.attributes
                0x000003ad       0x39 Build/usbd_conf.o
 .ARM.attributes
                0x000003e6       0x39 Build/stm32f4xx_hal_pcd.o
 .ARM.attributes
                0x0000041f       0x39 Build/stm32f4xx_hal_pcd_ex.o
 .ARM.attributes
                0x00000458       0x39 Build/stm32f4xx_ll_usb.o
 .ARM.attributes
                0x00000491       0x39 Build/stm32f4xx_hal_adc.o
 .ARM.attributes
                0x000004ca       0x39 Build/stm32f4xx_hal_i2c.o
 .ARM.attributes
                0x00000503       0x39 Build/stm32f4xx_hal_spi.o
 .ARM.attributes
                0x0000053c       0x39 Build/stm32f4xx_hal_tim.o
 .ARM.attributes
                0x00000575       0x39 Build/stm32f4xx_hal_tim_ex.o
 .ARM.attributes
                0x000005ae       0x39 Build/stm32f4xx_hal_uart.o
 .ARM.attributes
                0x000005e7       0x39 Build/stm32f4xx_hal_rcc.o
 .ARM.attributes
                0x00000620       0x39 Build/stm32f4xx_hal_gpio.o
 .ARM.attributes
                0x00000659       0x39 Build/stm32f4xx_hal_dma.o
 .ARM.attributes
                0x00000692       0x39 Build/stm32f4xx_hal_cortex.o
 .ARM.attributes
                0x000006cb       0x39 Build/stm32f4xx_hal.o
 .ARM.attributes
                0x00000704       0x39 Build/system_stm32f4xx.o
 .ARM.attributes
                0x0000073d       0x39 Build/list.o
 .ARM.attributes
                0x00000776       0x39 Build/tasks.o
 .ARM.attributes
                0x000007af       0x39 Build/cmsis_os.o
 .ARM.attributes
                0x000007e8       0x39 Build/port.o
 .ARM.attributes
                0x00000821       0x39 Build/usbd_core.o
 .ARM.attributes
                0x0000085a       0x39 Build/usbd_ctlreq.o
 .ARM.attributes
                0x00000893       0x39 Build/usbd_ioreq.o
 .ARM.attributes
                0x000008cc       0x39 Build/usbd_cdc.o
 .ARM.attributes
                0x00000905       0x21 Build/startup_stm32f407xx.o
 .ARM.attributes
                0x00000926       0x39 Build/robo_tasks.o
 .ARM.attributes
                0x0000095f       0x39 Build/robo_init.o
 .ARM.attributes
                0x00000998       0x39 Build/main.o
 .ARM.attributes
                0x000009d1       0x34 c:/program files (x86)/gnu tools arm embedded/7 2017-q4-major/bin/../lib/gcc/arm-none-eabi/7.2.1/../../../../arm-none-eabi/lib/thumb/v7e-m/fpv4-sp/hard\libstdc++_nano.a(atexit_arm.o)
 .ARM.attributes
                0x00000a05       0x34 c:/program files (x86)/gnu tools arm embedded/7 2017-q4-major/bin/../lib/gcc/arm-none-eabi/7.2.1/../../../../arm-none-eabi/lib/thumb/v7e-m/fpv4-sp/hard\libstdc++_nano.a(del_ops.o)
 .ARM.attributes
                0x00000a39       0x34 c:/program files (x86)/gnu tools arm embedded/7 2017-q4-major/bin/../lib/gcc/arm-none-eabi/7.2.1/../../../../arm-none-eabi/lib/thumb/v7e-m/fpv4-sp/hard\libstdc++_nano.a(si_class_type_info.o)
 .ARM.attributes
                0x00000a6d       0x34 c:/program files (x86)/gnu tools arm embedded/7 2017-q4-major/bin/../lib/gcc/arm-none-eabi/7.2.1/../../../../arm-none-eabi/lib/thumb/v7e-m/fpv4-sp/hard\libstdc++_nano.a(tinfo.o)
 .ARM.attributes
                0x00000aa1       0x34 c:/program files (x86)/gnu tools arm embedded/7 2017-q4-major/bin/../lib/gcc/arm-none-eabi/7.2.1/../../../../arm-none-eabi/lib/thumb/v7e-m/fpv4-sp/hard\libstdc++_nano.a(class_type_info.o)
 .ARM.attributes
                0x00000ad5       0x34 c:/program files (x86)/gnu tools arm embedded/7 2017-q4-major/bin/../lib/gcc/arm-none-eabi/7.2.1/../../../../arm-none-eabi/lib/thumb/v7e-m/fpv4-sp/hard\libstdc++_nano.a(del_op.o)
 .ARM.attributes
                0x00000b09       0x34 c:/program files (x86)/gnu tools arm embedded/7 2017-q4-major/bin/../lib/gcc/arm-none-eabi/7.2.1/../../../../arm-none-eabi/lib/thumb/v7e-m/fpv4-sp/hard\libc_nano.a(lib_a-cxa_atexit.o)
 .ARM.attributes
                0x00000b3d       0x34 c:/program files (x86)/gnu tools arm embedded/7 2017-q4-major/bin/../lib/gcc/arm-none-eabi/7.2.1/../../../../arm-none-eabi/lib/thumb/v7e-m/fpv4-sp/hard\libc_nano.a(lib_a-impure.o)
 .ARM.attributes
                0x00000b71       0x34 c:/program files (x86)/gnu tools arm embedded/7 2017-q4-major/bin/../lib/gcc/arm-none-eabi/7.2.1/../../../../arm-none-eabi/lib/thumb/v7e-m/fpv4-sp/hard\libc_nano.a(lib_a-init.o)
 .ARM.attributes